.........................                                                [100%]
=============================== warnings summary ===============================
tests/test_battle_healing_items_rom.py::test_potion_heals_the_active_mon_from_the_battle_item_menu
  [native-venv]/lib/python3.11/site-packages/sdl2/_internal.py:24: UserWarning: Using SDL2 binaries from pysdl2-dll 2.32.10
    warnings.warn(msg, warntype)

-- Docs: https://docs.pytest.org/en/stable/how-to/capture-warnings.html
==================================== PASSES ====================================
__________ test_potion_heals_the_active_mon_from_the_battle_item_menu __________
----------------------------- Captured stdout call -----------------------------
pyboy.pyboy                    WARNING  Skipping .sym line: 01 AGATHASROOM_AGATHA
pyboy.pyboy                    WARNING  Skipping .sym line: 01 BIKESHOP_CLERK
pyboy.pyboy                    WARNING  Skipping .sym line: 01 BILLSHOUSE_BILL_POKEMON
pyboy.pyboy                    WARNING  Skipping .sym line: 01 BLUESHOUSE_DAISY1
pyboy.pyboy                    WARNING  Skipping .sym line: 01 BRUNOSROOM_BRUNO
pyboy.pyboy                    WARNING  Skipping .sym line: 01 CELADONCHIEFHOUSE_CHIEF
pyboy.pyboy                    WARNING  Skipping .sym line: 01 CELADONCITY_LITTLE_GIRL
pyboy.pyboy                    WARNING  Skipping .sym line: 01 CELADONDINER_COOK
pyboy.pyboy                    WARNING  Skipping .sym line: 01 CELADONGYM_ERIKA
pyboy.pyboy                    WARNING  Skipping .sym line: 01 CELADONHOTEL_GRANNY
pyboy.pyboy                    WARNING  Skipping .sym line: 01 CELADONMANSION1F_MEOWTH
pyboy.pyboy                    WARNING  Skipping .sym line: 01 CELADONMANSION3F_PROGRAMMER
pyboy.pyboy                    WARNING  Skipping .sym line: 01 CELADONMANSION_ROOF_HOUSE_HIKER
pyboy.pyboy                    WARNING  Skipping .sym line: 01 CELADONMART1F_RECEPTIONIST
pyboy.pyboy                    WARNING  Skipping .sym line: 01 CELADONMART2F_CLERK1
pyboy.pyboy                    WARNING  Skipping .sym line: 01 CELADONMART3F_CLERK
pyboy.pyboy                    WARNING  Skipping .sym line: 01 CELADONMART4F_CLERK
pyboy.pyboy                    WARNING  Skipping .sym line: 01 CELADONMART5F_GENTLEMAN
pyboy.pyboy                    WARNING  Skipping .sym line: 01 CELADONMARTROOF_SUPER_NERD
pyboy.pyboy                    WARNING  Skipping .sym line: 01 CELADONPOKECENTER_NURSE
pyboy.pyboy                    WARNING  Skipping .sym line: 01 CERULEANBADGEHOUSE_MIDDLE_AGED_MAN
pyboy.pyboy                    WARNING  Skipping .sym line: 01 CERULEANCAVE1F_RARE_CANDY
pyboy.pyboy                    WARNING  Skipping .sym line: 01 CERULEANCAVE2F_RARE_CANDY
pyboy.pyboy                    WARNING  Skipping .sym line: 01 CERULEANCAVEB1F_MEWTWO
pyboy.pyboy                    WARNING  Skipping .sym line: 01 CERULEANCITY_RIVAL
pyboy.pyboy                    WARNING  Skipping .sym line: 01 CERULEANGYM_MISTY
pyboy.pyboy                    WARNING  Skipping .sym line: 01 CERULEANMART_CLERK
pyboy.pyboy                    WARNING  Skipping .sym line: 01 CERULEANMELANIESHOUSE_MELANIE
pyboy.pyboy                    WARNING  Skipping .sym line: 01 CERULEANPOKECENTER_NURSE
pyboy.pyboy                    WARNING  Skipping .sym line: 01 CERULEANTRASHEDHOUSE_FISHING_GURU
pyboy.pyboy                    WARNING  Skipping .sym line: 01 CHAMPIONSROOM_RIVAL
pyboy.pyboy                    WARNING  Skipping .sym line: 01 CINNABARGYM_BLAINE
pyboy.pyboy                    WARNING  Skipping .sym line: 01 CINNABARISLAND_GIRL
pyboy.pyboy                    WARNING  Skipping .sym line: 01 CINNABARLABFOSSILROOM_SCIENTIST1
pyboy.pyboy                    WARNING  Skipping .sym line: 01 CINNABARLABMETRONOMEROOM_SCIENTIST1
pyboy.pyboy                    WARNING  Skipping .sym line: 01 CINNABARLABTRADEROOM_SUPER_NERD
pyboy.pyboy                    WARNING  Skipping .sym line: 01 CINNABARLAB_FISHING_GURU
pyboy.pyboy                    WARNING  Skipping .sym line: 01 CINNABARMART_CLERK
pyboy.pyboy                    WARNING  Skipping .sym line: 01 CINNABARPOKECENTER_NURSE
pyboy.pyboy                    WARNING  Skipping .sym line: 01 COLOSSEUM_OPPONENT
pyboy.pyboy                    WARNING  Skipping .sym line: 01 COPYCATSHOUSE1F_MIDDLE_AGED_WOMAN
pyboy.pyboy                    WARNING  Skipping .sym line: 01 COPYCATSHOUSE2F_COPYCAT
pyboy.pyboy                    WARNING  Skipping .sym line: 01 DAYCARE_GENTLEMAN
pyboy.pyboy                    WARNING  Skipping .sym line: 01 DIGLETTSCAVEROUTE11_GAMBLER
pyboy.pyboy                    WARNING  Skipping .sym line: 01 DIGLETTSCAVEROUTE2_FISHING_GURU
pyboy.pyboy                    WARNING  Skipping .sym line: 01 FIGHTINGDOJO_KARATE_MASTER
pyboy.pyboy                    WARNING  Skipping .sym line: 01 FUCHSIABILLSGRANDPASHOUSE_MIDDLE_AGED_WOMAN
pyboy.pyboy                    WARNING  Skipping .sym line: 01 FUCHSIACITY_YOUNGSTER1
pyboy.pyboy                    WARNING  Skipping .sym line: 01 FUCHSIAGOODRODHOUSE_FISHING_GURU
pyboy.pyboy                    WARNING  Skipping .sym line: 01 FUCHSIAGYM_KOGA
pyboy.pyboy                    WARNING  Skipping .sym line: 01 FUCHSIAMART_CLERK
pyboy.pyboy                    WARNING  Skipping .sym line: 01 FUCHSIAMEETINGROOM_SAFARI_ZONE_WORKER1
pyboy.pyboy                    WARNING  Skipping .sym line: 01 FUCHSIAPOKECENTER_NURSE
pyboy.pyboy                    WARNING  Skipping .sym line: 01 GAMECORNERPRIZEROOM_BALDING_GUY
pyboy.pyboy                    WARNING  Skipping .sym line: 01 GAMECORNER_BEAUTY1
pyboy.pyboy                    WARNING  Skipping .sym line: 01 HALLOFFAME_OAK
pyboy.pyboy                    WARNING  Skipping .sym line: 01 INDIGOPLATEAULOBBY_NURSE
pyboy.pyboy                    WARNING  Skipping .sym line: 01 LANCESROOM_LANCE
pyboy.pyboy                    WARNING  Skipping .sym line: 01 LAVENDERCUBONEHOUSE_CUBONE
pyboy.pyboy                    WARNING  Skipping .sym line: 01 LAVENDERMART_CLERK
pyboy.pyboy                    WARNING  Skipping .sym line: 01 LAVENDERPOKECENTER_NURSE
pyboy.pyboy                    WARNING  Skipping .sym line: 01 LAVENDERTOWN_LITTLE_GIRL
pyboy.pyboy                    WARNING  Skipping .sym line: 01 LORELEISROOM_LORELEI
pyboy.pyboy                    WARNING  Skipping .sym line: 01 MRFUJISHOUSE_SUPER_NERD
pyboy.pyboy                    WARNING  Skipping .sym line: 01 MRPSYCHICSHOUSE_MR_PSYCHIC
pyboy.pyboy                    WARNING  Skipping .sym line: 01 MTMOON1F_HIKER
pyboy.pyboy                    WARNING  Skipping .sym line: 01 MTMOONB2F_SUPER_NERD
pyboy.pyboy                    WARNING  Skipping .sym line: 01 MTMOONPOKECENTER_NURSE
pyboy.pyboy                    WARNING  Skipping .sym line: 01 MUSEUM1F_SCIENTIST1
pyboy.pyboy                    WARNING  Skipping .sym line: 01 MUSEUM2F_YOUNGSTER
pyboy.pyboy                    WARNING  Skipping .sym line: 01 NAMERATERSHOUSE_NAME_RATER
pyboy.pyboy                    WARNING  Skipping .sym line: 01 OAKSLAB_RIVAL
pyboy.pyboy                    WARNING  Skipping .sym line: 01 PALLETTOWN_OAK
pyboy.pyboy                    WARNING  Skipping .sym line: 01 PEWTERCITY_COOLTRAINER_F
pyboy.pyboy                    WARNING  Skipping .sym line: 01 PEWTERGYM_BROCK
pyboy.pyboy                    WARNING  Skipping .sym line: 01 PEWTERMART_CLERK
pyboy.pyboy                    WARNING  Skipping .sym line: 01 PEWTERNIDORANHOUSE_NIDORAN
pyboy.pyboy                    WARNING  Skipping .sym line: 01 PEWTERPOKECENTER_NURSE
pyboy.pyboy                    WARNING  Skipping .sym line: 01 PEWTERSPEECHHOUSE_GAMBLER
pyboy.pyboy                    WARNING  Skipping .sym line: 01 POKEMONFANCLUB_CLEFAIRY_FAN
pyboy.pyboy                    WARNING  Skipping .sym line: 01 POKEMONMANSION1F_SCIENTIST
pyboy.pyboy                    WARNING  Skipping .sym line: 01 POKEMONMANSION2F_SUPER_NERD
pyboy.pyboy                    WARNING  Skipping .sym line: 01 POKEMONMANSION3F_SUPER_NERD
pyboy.pyboy                    WARNING  Skipping .sym line: 01 POKEMONMANSIONB1F_BURGLAR
pyboy.pyboy                    WARNING  Skipping .sym line: 01 POKEMONTOWER1F_RECEPTIONIST
pyboy.pyboy                    WARNING  Skipping .sym line: 01 POKEMONTOWER2F_RIVAL
pyboy.pyboy                    WARNING  Skipping .sym line: 01 POKEMONTOWER3F_CHANNELER1
pyboy.pyboy                    WARNING  Skipping .sym line: 01 POKEMONTOWER4F_CHANNELER1
pyboy.pyboy                    WARNING  Skipping .sym line: 01 POKEMONTOWER5F_CHANNELER1
pyboy.pyboy                    WARNING  Skipping .sym line: 01 POKEMONTOWER6F_CHANNELER1
pyboy.pyboy                    WARNING  Skipping .sym line: 01 POKEMONTOWER7F_JESSIE
pyboy.pyboy                    WARNING  Skipping .sym line: 01 POWERPLANT_VOLTORB1
pyboy.pyboy                    WARNING  Skipping .sym line: 01 REDSHOUSE1F_MOM
pyboy.pyboy                    WARNING  Skipping .sym line: 01 ROCKETHIDEOUTB1F_ROCKET1
pyboy.pyboy                    WARNING  Skipping .sym line: 01 ROCKETHIDEOUTB2F_ROCKET
pyboy.pyboy                    WARNING  Skipping .sym line: 01 ROCKETHIDEOUTB3F_ROCKET1
pyboy.pyboy                    WARNING  Skipping .sym line: 01 ROCKETHIDEOUTB4F_GIOVANNI
pyboy.pyboy                    WARNING  Skipping .sym line: 01 ROCKTUNNEL1F_HIKER1
pyboy.pyboy                    WARNING  Skipping .sym line: 01 ROCKTUNNELB1F_COOLTRAINER_F1
pyboy.pyboy                    WARNING  Skipping .sym line: 01 ROCKTUNNELPOKECENTER_NURSE
pyboy.pyboy                    WARNING  Skipping .sym line: 01 ROUTE10_SUPER_NERD1
pyboy.pyboy                    WARNING  Skipping .sym line: 01 ROUTE11GATE1F_GUARD
pyboy.pyboy                    WARNING  Skipping .sym line: 01 ROUTE11GATE2F_YOUNGSTER
pyboy.pyboy                    WARNING  Skipping .sym line: 01 ROUTE11_GAMBLER1
pyboy.pyboy                    WARNING  Skipping .sym line: 01 ROUTE12GATE1F_GUARD
pyboy.pyboy                    WARNING  Skipping .sym line: 01 ROUTE12GATE2F_BRUNETTE_GIRL
pyboy.pyboy                    WARNING  Skipping .sym line: 01 ROUTE12SUPERRODHOUSE_FISHING_GURU
pyboy.pyboy                    WARNING  Skipping .sym line: 01 ROUTE12_SNORLAX
pyboy.pyboy                    WARNING  Skipping .sym line: 01 ROUTE13_COOLTRAINER_M1
pyboy.pyboy                    WARNING  Skipping .sym line: 01 ROUTE14_COOLTRAINER_M1
pyboy.pyboy                    WARNING  Skipping .sym line: 01 ROUTE15GATE1F_GUARD
pyboy.pyboy                    WARNING  Skipping .sym line: 01 ROUTE15GATE2F_OAKS_AIDE
pyboy.pyboy                    WARNING  Skipping .sym line: 01 ROUTE15_COOLTRAINER_F1
pyboy.pyboy                    WARNING  Skipping .sym line: 01 ROUTE16FLYHOUSE_BRUNETTE_GIRL
pyboy.pyboy                    WARNING  Skipping .sym line: 01 ROUTE16GATE1F_GUARD
pyboy.pyboy                    WARNING  Skipping .sym line: 01 ROUTE16GATE2F_LITTLE_BOY
pyboy.pyboy                    WARNING  Skipping .sym line: 01 ROUTE16_BIKER1
pyboy.pyboy                    WARNING  Skipping .sym line: 01 ROUTE17_BIKER1
pyboy.pyboy                    WARNING  Skipping .sym line: 01 ROUTE18GATE1F_GUARD
pyboy.pyboy                    WARNING  Skipping .sym line: 01 ROUTE18GATE2F_COOK
pyboy.pyboy                    WARNING  Skipping .sym line: 01 ROUTE18_COOLTRAINER_M1
pyboy.pyboy                    WARNING  Skipping .sym line: 01 ROUTE19_COOLTRAINER_M1
pyboy.pyboy                    WARNING  Skipping .sym line: 01 ROUTE1_YOUNGSTER1
pyboy.pyboy                    WARNING  Skipping .sym line: 01 ROUTE20_SWIMMER1
pyboy.pyboy                    WARNING  Skipping .sym line: 01 ROUTE21_FISHER1
pyboy.pyboy                    WARNING  Skipping .sym line: 01 ROUTE22GATE_GUARD
pyboy.pyboy                    WARNING  Skipping .sym line: 01 ROUTE22_RIVAL1
pyboy.pyboy                    WARNING  Skipping .sym line: 01 ROUTE23_GUARD1
pyboy.pyboy                    WARNING  Skipping .sym line: 01 ROUTE24_COOLTRAINER_M1
pyboy.pyboy                    WARNING  Skipping .sym line: 01 ROUTE25_YOUNGSTER1
pyboy.pyboy                    WARNING  Skipping .sym line: 01 ROUTE2GATE_OAKS_AIDE
pyboy.pyboy                    WARNING  Skipping .sym line: 01 ROUTE2TRADEHOUSE_SCIENTIST
pyboy.pyboy                    WARNING  Skipping .sym line: 01 ROUTE2_MOON_STONE
pyboy.pyboy                    WARNING  Skipping .sym line: 01 ROUTE3_SUPER_NERD
pyboy.pyboy                    WARNING  Skipping .sym line: 01 ROUTE4_COOLTRAINER_F1
pyboy.pyboy                    WARNING  Skipping .sym line: 01 ROUTE5GATE_GUARD
pyboy.pyboy                    WARNING  Skipping .sym line: 01 ROUTE6GATE_GUARD
pyboy.pyboy                    WARNING  Skipping .sym line: 01 ROUTE6_COOLTRAINER_M1
pyboy.pyboy                    WARNING  Skipping .sym line: 01 ROUTE7GATE_GUARD
pyboy.pyboy                    WARNING  Skipping .sym line: 01 ROUTE8GATE_GUARD
pyboy.pyboy                    WARNING  Skipping .sym line: 01 ROUTE8_SUPER_NERD1
pyboy.pyboy                    WARNING  Skipping .sym line: 01 ROUTE9_COOLTRAINER_F1
pyboy.pyboy                    WARNING  Skipping .sym line: 01 SAFARIZONECENTERRESTHOUSE_GIRL
pyboy.pyboy                    WARNING  Skipping .sym line: 01 SAFARIZONECENTER_NUGGET
pyboy.pyboy                    WARNING  Skipping .sym line: 01 SAFARIZONEEASTRESTHOUSE_SCIENTIST
pyboy.pyboy                    WARNING  Skipping .sym line: 01 SAFARIZONEEAST_FULL_RESTORE
pyboy.pyboy                    WARNING  Skipping .sym line: 01 SAFARIZONEGATE_SAFARI_ZONE_WORKER1
pyboy.pyboy                    WARNING  Skipping .sym line: 01 SAFARIZONENORTHRESTHOUSE_SCIENTIST
pyboy.pyboy                    WARNING  Skipping .sym line: 01 SAFARIZONENORTH_PROTEIN
pyboy.pyboy                    WARNING  Skipping .sym line: 01 SAFARIZONESECRETHOUSE_FISHING_GURU
pyboy.pyboy                    WARNING  Skipping .sym line: 01 SAFARIZONEWESTRESTHOUSE_SCIENTIST
pyboy.pyboy                    WARNING  Skipping .sym line: 01 SAFARIZONEWEST_MAX_POTION
pyboy.pyboy                    WARNING  Skipping .sym line: 01 SAFFRONCITY_ROCKET1
pyboy.pyboy                    WARNING  Skipping .sym line: 01 SAFFRONGYM_SABRINA
pyboy.pyboy                    WARNING  Skipping .sym line: 01 SAFFRONMART_CLERK
pyboy.pyboy                    WARNING  Skipping .sym line: 01 SAFFRONPIDGEYHOUSE_BRUNETTE_GIRL
pyboy.pyboy                    WARNING  Skipping .sym line: 01 SAFFRONPOKECENTER_NURSE
pyboy.pyboy                    WARNING  Skipping .sym line: 01 SEAFOAMISLANDS1F_BOULDER1
pyboy.pyboy                    WARNING  Skipping .sym line: 01 SEAFOAMISLANDSB1F_BOULDER1
pyboy.pyboy                    WARNING  Skipping .sym line: 01 SEAFOAMISLANDSB2F_BOULDER1
pyboy.pyboy                    WARNING  Skipping .sym line: 01 SEAFOAMISLANDSB3F_BOULDER1
pyboy.pyboy                    WARNING  Skipping .sym line: 01 SEAFOAMISLANDSB4F_BOULDER1
pyboy.pyboy                    WARNING  Skipping .sym line: 01 SILPHCO10F_ROCKET
pyboy.pyboy                    WARNING  Skipping .sym line: 01 SILPHCO11F_SILPH_PRESIDENT
pyboy.pyboy                    WARNING  Skipping .sym line: 01 SILPHCO1F_LINK_RECEPTIONIST
pyboy.pyboy                    WARNING  Skipping .sym line: 01 SILPHCO2F_SILPH_WORKER_F
pyboy.pyboy                    WARNING  Skipping .sym line: 01 SILPHCO3F_SILPH_WORKER_M
pyboy.pyboy                    WARNING  Skipping .sym line: 01 SILPHCO4F_SILPH_WORKER_M
pyboy.pyboy                    WARNING  Skipping .sym line: 01 SILPHCO5F_SILPH_WORKER_M
pyboy.pyboy                    WARNING  Skipping .sym line: 01 SILPHCO6F_SILPH_WORKER_M1
pyboy.pyboy                    WARNING  Skipping .sym line: 01 SILPHCO7F_SILPH_WORKER_M1
pyboy.pyboy                    WARNING  Skipping .sym line: 01 SILPHCO8F_SILPH_WORKER_M
pyboy.pyboy                    WARNING  Skipping .sym line: 01 SILPHCO9F_NURSE
pyboy.pyboy                    WARNING  Skipping .sym line: 01 SSANNE1FROOMS_GENTLEMAN1
pyboy.pyboy                    WARNING  Skipping .sym line: 01 SSANNE1F_WAITER
pyboy.pyboy                    WARNING  Skipping .sym line: 01 SSANNE2FROOMS_GENTLEMAN1
pyboy.pyboy                    WARNING  Skipping .sym line: 01 SSANNE2F_WAITER
pyboy.pyboy                    WARNING  Skipping .sym line: 01 SSANNE3F_SAILOR
pyboy.pyboy                    WARNING  Skipping .sym line: 01 SSANNEB1FROOMS_SAILOR1
pyboy.pyboy                    WARNING  Skipping .sym line: 01 SSANNEBOW_SUPER_NERD
pyboy.pyboy                    WARNING  Skipping .sym line: 01 SSANNECAPTAINSROOM_CAPTAIN
pyboy.pyboy                    WARNING  Skipping .sym line: 01 SSANNEKITCHEN_COOK1
pyboy.pyboy                    WARNING  Skipping .sym line: 01 SUMMERBEACHHOUSE_SURFINDUDE
pyboy.pyboy                    WARNING  Skipping .sym line: 01 TRADECENTER_OPPONENT
pyboy.pyboy                    WARNING  Skipping .sym line: 01 UNDERGROUNDPATHROUTE5_LITTLE_GIRL
pyboy.pyboy                    WARNING  Skipping .sym line: 01 UNDERGROUNDPATHROUTE6_GIRL
pyboy.pyboy                    WARNING  Skipping .sym line: 01 UNDERGROUNDPATHROUTE7COPY_UNUSED_GIRL
pyboy.pyboy                    WARNING  Skipping .sym line: 01 UNDERGROUNDPATHROUTE7_MIDDLE_AGED_MAN
pyboy.pyboy                    WARNING  Skipping .sym line: 01 UNDERGROUNDPATHROUTE8_GIRL
pyboy.pyboy                    WARNING  Skipping .sym line: 01 VERMILIONCITY_BEAUTY
pyboy.pyboy                    WARNING  Skipping .sym line: 01 VERMILIONGYM_LT_SURGE
pyboy.pyboy                    WARNING  Skipping .sym line: 01 VERMILIONMART_CLERK
pyboy.pyboy                    WARNING  Skipping .sym line: 01 VERMILIONOLDRODHOUSE_FISHING_GURU
pyboy.pyboy                    WARNING  Skipping .sym line: 01 VERMILIONPIDGEYHOUSE_YOUNGSTER
pyboy.pyboy                    WARNING  Skipping .sym line: 01 VERMILIONPOKECENTER_NURSE
pyboy.pyboy                    WARNING  Skipping .sym line: 01 VERMILIONTRADEHOUSE_GENTLEMAN
pyboy.pyboy                    WARNING  Skipping .sym line: 01 VICTORYROAD1F_COOLTRAINER_F
pyboy.pyboy                    WARNING  Skipping .sym line: 01 VICTORYROAD2F_HIKER
pyboy.pyboy                    WARNING  Skipping .sym line: 01 VICTORYROAD3F_COOLTRAINER_M1
pyboy.pyboy                    WARNING  Skipping .sym line: 01 VIRIDIANCITY_YOUNGSTER1
pyboy.pyboy                    WARNING  Skipping .sym line: 01 VIRIDIANFORESTNORTHGATE_SUPER_NERD
pyboy.pyboy                    WARNING  Skipping .sym line: 01 VIRIDIANFORESTSOUTHGATE_GIRL
pyboy.pyboy                    WARNING  Skipping .sym line: 01 VIRIDIANFOREST_YOUNGSTER1
pyboy.pyboy                    WARNING  Skipping .sym line: 01 VIRIDIANGYM_GIOVANNI
pyboy.pyboy                    WARNING  Skipping .sym line: 01 VIRIDIANMART_CLERK
pyboy.pyboy                    WARNING  Skipping .sym line: 01 VIRIDIANNICKNAMEHOUSE_BALDING_GUY
pyboy.pyboy                    WARNING  Skipping .sym line: 01 VIRIDIANPOKECENTER_NURSE
pyboy.pyboy                    WARNING  Skipping .sym line: 01 VIRIDIANSCHOOLHOUSE_BRUNETTE_GIRL
pyboy.pyboy                    WARNING  Skipping .sym line: 01 WARDENSHOUSE_WARDEN
pyboy.pyboy                    WARNING  Skipping .sym line: 02 BIKESHOP_MIDDLE_AGED_WOMAN
pyboy.pyboy                    WARNING  Skipping .sym line: 02 BILLSHOUSE_BILL1
pyboy.pyboy                    WARNING  Skipping .sym line: 02 BLUESHOUSE_DAISY2
pyboy.pyboy                    WARNING  Skipping .sym line: 02 CELADONCHIEFHOUSE_ROCKET
pyboy.pyboy                    WARNING  Skipping .sym line: 02 CELADONCITY_GRAMPS1
pyboy.pyboy                    WARNING  Skipping .sym line: 02 CELADONDINER_MIDDLE_AGED_WOMAN
pyboy.pyboy                    WARNING  Skipping .sym line: 02 CELADONGYM_COOLTRAINER_F1
pyboy.pyboy                    WARNING  Skipping .sym line: 02 CELADONHOTEL_BEAUTY
pyboy.pyboy                    WARNING  Skipping .sym line: 02 CELADONMANSION1F_GRANNY
pyboy.pyboy                    WARNING  Skipping .sym line: 02 CELADONMANSION3F_GRAPHIC_ARTIST
pyboy.pyboy                    WARNING  Skipping .sym line: 02 CELADONMANSION_ROOF_HOUSE_EEVEE_POKEBALL
pyboy.pyboy                    WARNING  Skipping .sym line: 02 CELADONMART2F_CLERK2
pyboy.pyboy                    WARNING  Skipping .sym line: 02 CELADONMART3F_GAMEBOY_KID1
pyboy.pyboy                    WARNING  Skipping .sym line: 02 CELADONMART4F_SUPER_NERD
pyboy.pyboy                    WARNING  Skipping .sym line: 02 CELADONMART5F_SAILOR
pyboy.pyboy                    WARNING  Skipping .sym line: 02 CELADONMARTROOF_LITTLE_GIRL
pyboy.pyboy                    WARNING  Skipping .sym line: 02 CELADONPOKECENTER_GENTLEMAN
pyboy.pyboy                    WARNING  Skipping .sym line: 02 CERULEANCAVE1F_MAX_ELIXER
pyboy.pyboy                    WARNING  Skipping .sym line: 02 CERULEANCAVE2F_ULTRA_BALL
pyboy.pyboy                    WARNING  Skipping .sym line: 02 CERULEANCAVEB1F_ULTRA_BALL1
pyboy.pyboy                    WARNING  Skipping .sym line: 02 CERULEANCITY_ROCKET
pyboy.pyboy                    WARNING  Skipping .sym line: 02 CERULEANGYM_COOLTRAINER_F
pyboy.pyboy                    WARNING  Skipping .sym line: 02 CERULEANMART_COOLTRAINER_M
pyboy.pyboy                    WARNING  Skipping .sym line: 02 CERULEANMELANIESHOUSE_BULBASAUR
pyboy.pyboy                    WARNING  Skipping .sym line: 02 CERULEANPOKECENTER_SUPER_NERD
pyboy.pyboy                    WARNING  Skipping .sym line: 02 CERULEANTRASHEDHOUSE_GIRL
pyboy.pyboy                    WARNING  Skipping .sym line: 02 CHAMPIONSROOM_OAK
pyboy.pyboy                    WARNING  Skipping .sym line: 02 CINNABARGYM_SUPER_NERD1
pyboy.pyboy                    WARNING  Skipping .sym line: 02 CINNABARISLAND_GAMBLER
pyboy.pyboy                    WARNING  Skipping .sym line: 02 CINNABARLABFOSSILROOM_SCIENTIST2
pyboy.pyboy                    WARNING  Skipping .sym line: 02 CINNABARLABMETRONOMEROOM_SCIENTIST2
pyboy.pyboy                    WARNING  Skipping .sym line: 02 CINNABARLABTRADEROOM_GRAMPS
pyboy.pyboy                    WARNING  Skipping .sym line: 02 CINNABARMART_SILPH_WORKER_F
pyboy.pyboy                    WARNING  Skipping .sym line: 02 CINNABARPOKECENTER_COOLTRAINER_F
pyboy.pyboy                    WARNING  Skipping .sym line: 02 COPYCATSHOUSE1F_MIDDLE_AGED_MAN
pyboy.pyboy                    WARNING  Skipping .sym line: 02 COPYCATSHOUSE2F_DODUO
pyboy.pyboy                    WARNING  Skipping .sym line: 02 FIGHTINGDOJO_BLACKBELT1
pyboy.pyboy                    WARNING  Skipping .sym line: 02 FUCHSIABILLSGRANDPASHOUSE_BILLS_GRANDPA
pyboy.pyboy                    WARNING  Skipping .sym line: 02 FUCHSIACITY_GAMBLER
pyboy.pyboy                    WARNING  Skipping .sym line: 02 FUCHSIAGYM_ROCKER1
pyboy.pyboy                    WARNING  Skipping .sym line: 02 FUCHSIAMART_MIDDLE_AGED_MAN
pyboy.pyboy                    WARNING  Skipping .sym line: 02 FUCHSIAMEETINGROOM_SAFARI_ZONE_WORKER2
pyboy.pyboy                    WARNING  Skipping .sym line: 02 FUCHSIAPOKECENTER_ROCKER
pyboy.pyboy                    WARNING  Skipping .sym line: 02 GAMECORNERPRIZEROOM_GAMBLER
pyboy.pyboy                    WARNING  Skipping .sym line: 02 GAMECORNER_CLERK
pyboy.pyboy                    WARNING  Skipping .sym line: 02 INDIGOPLATEAULOBBY_GYM_GUIDE
pyboy.pyboy                    WARNING  Skipping .sym line: 02 LAVENDERCUBONEHOUSE_BRUNETTE_GIRL
pyboy.pyboy                    WARNING  Skipping .sym line: 02 LAVENDERMART_BALDING_GUY
pyboy.pyboy                    WARNING  Skipping .sym line: 02 LAVENDERPOKECENTER_GENTLEMAN
pyboy.pyboy                    WARNING  Skipping .sym line: 02 LAVENDERTOWN_COOLTRAINER_M
pyboy.pyboy                    WARNING  Skipping .sym line: 02 MRFUJISHOUSE_LITTLE_GIRL
pyboy.pyboy                    WARNING  Skipping .sym line: 02 MTMOON1F_YOUNGSTER1
pyboy.pyboy                    WARNING  Skipping .sym line: 02 MTMOONB2F_JESSIE
pyboy.pyboy                    WARNING  Skipping .sym line: 02 MTMOONPOKECENTER_YOUNGSTER
pyboy.pyboy                    WARNING  Skipping .sym line: 02 MUSEUM1F_GAMBLER
pyboy.pyboy                    WARNING  Skipping .sym line: 02 MUSEUM2F_GRAMPS
pyboy.pyboy                    WARNING  Skipping .sym line: 02 OAKSLAB_EEVEE_POKE_BALL
pyboy.pyboy                    WARNING  Skipping .sym line: 02 PALLETTOWN_GIRL
pyboy.pyboy                    WARNING  Skipping .sym line: 02 PEWTERCITY_COOLTRAINER_M
pyboy.pyboy                    WARNING  Skipping .sym line: 02 PEWTERGYM_COOLTRAINER_M
pyboy.pyboy                    WARNING  Skipping .sym line: 02 PEWTERMART_YOUNGSTER
pyboy.pyboy                    WARNING  Skipping .sym line: 02 PEWTERNIDORANHOUSE_LITTLE_BOY
pyboy.pyboy                    WARNING  Skipping .sym line: 02 PEWTERPOKECENTER_GENTLEMAN
pyboy.pyboy                    WARNING  Skipping .sym line: 02 PEWTERSPEECHHOUSE_YOUNGSTER
pyboy.pyboy                    WARNING  Skipping .sym line: 02 POKEMONFANCLUB_SEEL_FAN
pyboy.pyboy                    WARNING  Skipping .sym line: 02 POKEMONMANSION1F_ESCAPE_ROPE
pyboy.pyboy                    WARNING  Skipping .sym line: 02 POKEMONMANSION2F_CALCIUM
pyboy.pyboy                    WARNING  Skipping .sym line: 02 POKEMONMANSION3F_SCIENTIST
pyboy.pyboy                    WARNING  Skipping .sym line: 02 POKEMONMANSIONB1F_SCIENTIST
pyboy.pyboy                    WARNING  Skipping .sym line: 02 POKEMONTOWER1F_MIDDLE_AGED_WOMAN
pyboy.pyboy                    WARNING  Skipping .sym line: 02 POKEMONTOWER2F_CHANNELER
pyboy.pyboy                    WARNING  Skipping .sym line: 02 POKEMONTOWER3F_CHANNELER2
pyboy.pyboy                    WARNING  Skipping .sym line: 02 POKEMONTOWER4F_CHANNELER2
pyboy.pyboy                    WARNING  Skipping .sym line: 02 POKEMONTOWER5F_CHANNELER2
pyboy.pyboy                    WARNING  Skipping .sym line: 02 POKEMONTOWER6F_CHANNELER2
pyboy.pyboy                    WARNING  Skipping .sym line: 02 POKEMONTOWER7F_JAMES
pyboy.pyboy                    WARNING  Skipping .sym line: 02 POWERPLANT_VOLTORB2
pyboy.pyboy                    WARNING  Skipping .sym line: 02 ROCKETHIDEOUTB1F_ROCKET2
pyboy.pyboy                    WARNING  Skipping .sym line: 02 ROCKETHIDEOUTB2F_MOON_STONE
pyboy.pyboy                    WARNING  Skipping .sym line: 02 ROCKETHIDEOUTB3F_ROCKET2
pyboy.pyboy                    WARNING  Skipping .sym line: 02 ROCKETHIDEOUTB4F_JAMES
pyboy.pyboy                    WARNING  Skipping .sym line: 02 ROCKTUNNEL1F_HIKER2
pyboy.pyboy                    WARNING  Skipping .sym line: 02 ROCKTUNNELB1F_HIKER1
pyboy.pyboy                    WARNING  Skipping .sym line: 02 ROCKTUNNELPOKECENTER_GENTLEMAN
pyboy.pyboy                    WARNING  Skipping .sym line: 02 ROUTE10_HIKER1
pyboy.pyboy                    WARNING  Skipping .sym line: 02 ROUTE11GATE2F_OAKS_AIDE
pyboy.pyboy                    WARNING  Skipping .sym line: 02 ROUTE11_GAMBLER2
pyboy.pyboy                    WARNING  Skipping .sym line: 02 ROUTE12_FISHER1
pyboy.pyboy                    WARNING  Skipping .sym line: 02 ROUTE13_COOLTRAINER_F1
pyboy.pyboy                    WARNING  Skipping .sym line: 02 ROUTE14_COOLTRAINER_M2
pyboy.pyboy                    WARNING  Skipping .sym line: 02 ROUTE15_COOLTRAINER_F2
pyboy.pyboy                    WARNING  Skipping .sym line: 02 ROUTE16FLYHOUSE_FEAROW
pyboy.pyboy                    WARNING  Skipping .sym line: 02 ROUTE16GATE1F_GAMBLER
pyboy.pyboy                    WARNING  Skipping .sym line: 02 ROUTE16GATE2F_LITTLE_GIRL
pyboy.pyboy                    WARNING  Skipping .sym line: 02 ROUTE16_BIKER2
pyboy.pyboy                    WARNING  Skipping .sym line: 02 ROUTE17_BIKER2
pyboy.pyboy                    WARNING  Skipping .sym line: 02 ROUTE18_COOLTRAINER_M2
pyboy.pyboy                    WARNING  Skipping .sym line: 02 ROUTE19_COOLTRAINER_M2
pyboy.pyboy                    WARNING  Skipping .sym line: 02 ROUTE1_YOUNGSTER2
pyboy.pyboy                    WARNING  Skipping .sym line: 02 ROUTE20_SWIMMER2
pyboy.pyboy                    WARNING  Skipping .sym line: 02 ROUTE21_FISHER2
pyboy.pyboy                    WARNING  Skipping .sym line: 02 ROUTE22_RIVAL2
pyboy.pyboy                    WARNING  Skipping .sym line: 02 ROUTE23_GUARD2
pyboy.pyboy                    WARNING  Skipping .sym line: 02 ROUTE24_COOLTRAINER_M2
pyboy.pyboy                    WARNING  Skipping .sym line: 02 ROUTE25_YOUNGSTER2
pyboy.pyboy                    WARNING  Skipping .sym line: 02 ROUTE2GATE_YOUNGSTER
pyboy.pyboy                    WARNING  Skipping .sym line: 02 ROUTE2TRADEHOUSE_GAMEBOY_KID
pyboy.pyboy                    WARNING  Skipping .sym line: 02 ROUTE2_HP_UP
pyboy.pyboy                    WARNING  Skipping .sym line: 02 ROUTE3_YOUNGSTER1
pyboy.pyboy                    WARNING  Skipping .sym line: 02 ROUTE4_COOLTRAINER_F2
pyboy.pyboy                    WARNING  Skipping .sym line: 02 ROUTE6_COOLTRAINER_F1
pyboy.pyboy                    WARNING  Skipping .sym line: 02 ROUTE8_GAMBLER1
pyboy.pyboy                    WARNING  Skipping .sym line: 02 ROUTE9_COOLTRAINER_M1
pyboy.pyboy                    WARNING  Skipping .sym line: 02 SAFARIZONECENTERRESTHOUSE_SCIENTIST
pyboy.pyboy                    WARNING  Skipping .sym line: 02 SAFARIZONEEASTRESTHOUSE_ROCKER
pyboy.pyboy                    WARNING  Skipping .sym line: 02 SAFARIZONEEAST_MAX_RESTORE
pyboy.pyboy                    WARNING  Skipping .sym line: 02 SAFARIZONEGATE_SAFARI_ZONE_WORKER2
pyboy.pyboy                    WARNING  Skipping .sym line: 02 SAFARIZONENORTHRESTHOUSE_SAFARI_ZONE_WORKER
pyboy.pyboy                    WARNING  Skipping .sym line: 02 SAFARIZONENORTH_TM_SKULL_BASH
pyboy.pyboy                    WARNING  Skipping .sym line: 02 SAFARIZONEWESTRESTHOUSE_COOLTRAINER_M
pyboy.pyboy                    WARNING  Skipping .sym line: 02 SAFARIZONEWEST_TM_DOUBLE_TEAM
pyboy.pyboy                    WARNING  Skipping .sym line: 02 SAFFRONCITY_ROCKET2
pyboy.pyboy                    WARNING  Skipping .sym line: 02 SAFFRONGYM_CHANNELER1
pyboy.pyboy                    WARNING  Skipping .sym line: 02 SAFFRONMART_SUPER_NERD
pyboy.pyboy                    WARNING  Skipping .sym line: 02 SAFFRONPIDGEYHOUSE_PIDGEY
pyboy.pyboy                    WARNING  Skipping .sym line: 02 SAFFRONPOKECENTER_BEAUTY
pyboy.pyboy                    WARNING  Skipping .sym line: 02 SCRIPT_SEAFOAMISLANDSB3F_MOVE_OBJECT
pyboy.pyboy                    WARNING  Skipping .sym line: 02 SCRIPT_SEAFOAMISLANDSB4F_MOVE_OBJECT
pyboy.pyboy                    WARNING  Skipping .sym line: 02 SEAFOAMISLANDS1F_BOULDER2
pyboy.pyboy                    WARNING  Skipping .sym line: 02 SEAFOAMISLANDSB1F_BOULDER2
pyboy.pyboy                    WARNING  Skipping .sym line: 02 SEAFOAMISLANDSB2F_BOULDER2
pyboy.pyboy                    WARNING  Skipping .sym line: 02 SEAFOAMISLANDSB3F_BOULDER2
pyboy.pyboy                    WARNING  Skipping .sym line: 02 SEAFOAMISLANDSB4F_BOULDER2
pyboy.pyboy                    WARNING  Skipping .sym line: 02 SILPHCO10F_SCIENTIST
pyboy.pyboy                    WARNING  Skipping .sym line: 02 SILPHCO11F_BEAUTY
pyboy.pyboy                    WARNING  Skipping .sym line: 02 SILPHCO2F_SCIENTIST1
pyboy.pyboy                    WARNING  Skipping .sym line: 02 SILPHCO3F_ROCKET
pyboy.pyboy                    WARNING  Skipping .sym line: 02 SILPHCO4F_ROCKET1
pyboy.pyboy                    WARNING  Skipping .sym line: 02 SILPHCO5F_ROCKET1
pyboy.pyboy                    WARNING  Skipping .sym line: 02 SILPHCO6F_SILPH_WORKER_M2
pyboy.pyboy                    WARNING  Skipping .sym line: 02 SILPHCO7F_SILPH_WORKER_M2
pyboy.pyboy                    WARNING  Skipping .sym line: 02 SILPHCO8F_ROCKET1
pyboy.pyboy                    WARNING  Skipping .sym line: 02 SILPHCO9F_ROCKET1
pyboy.pyboy                    WARNING  Skipping .sym line: 02 SSANNE1FROOMS_GENTLEMAN2
pyboy.pyboy                    WARNING  Skipping .sym line: 02 SSANNE1F_SAILOR
pyboy.pyboy                    WARNING  Skipping .sym line: 02 SSANNE2FROOMS_FISHER
pyboy.pyboy                    WARNING  Skipping .sym line: 02 SSANNE2F_RIVAL
pyboy.pyboy                    WARNING  Skipping .sym line: 02 SSANNEB1FROOMS_SAILOR2
pyboy.pyboy                    WARNING  Skipping .sym line: 02 SSANNEBOW_SAILOR1
pyboy.pyboy                    WARNING  Skipping .sym line: 02 SSANNEKITCHEN_COOK2
pyboy.pyboy                    WARNING  Skipping .sym line: 02 SUMMERBEACHHOUSE_PIKACHU
pyboy.pyboy                    WARNING  Skipping .sym line: 02 UNDERGROUNDPATHROUTE7COPY_UNUSED_MIDDLE_AGED_MAN
pyboy.pyboy                    WARNING  Skipping .sym line: 02 VERMILIONCITY_GAMBLER1
pyboy.pyboy                    WARNING  Skipping .sym line: 02 VERMILIONGYM_GENTLEMAN
pyboy.pyboy                    WARNING  Skipping .sym line: 02 VERMILIONMART_COOLTRAINER_M
pyboy.pyboy                    WARNING  Skipping .sym line: 02 VERMILIONPIDGEYHOUSE_PIDGEY
pyboy.pyboy                    WARNING  Skipping .sym line: 02 VERMILIONPOKECENTER_FISHING_GURU
pyboy.pyboy                    WARNING  Skipping .sym line: 02 VICTORYROAD1F_COOLTRAINER_M
pyboy.pyboy                    WARNING  Skipping .sym line: 02 VICTORYROAD2F_SUPER_NERD1
pyboy.pyboy                    WARNING  Skipping .sym line: 02 VICTORYROAD3F_COOLTRAINER_F1
pyboy.pyboy                    WARNING  Skipping .sym line: 02 VIRIDIANCITY_GAMBLER1
pyboy.pyboy                    WARNING  Skipping .sym line: 02 VIRIDIANFORESTNORTHGATE_GRAMPS
pyboy.pyboy                    WARNING  Skipping .sym line: 02 VIRIDIANFORESTSOUTHGATE_LITTLE_GIRL
pyboy.pyboy                    WARNING  Skipping .sym line: 02 VIRIDIANFOREST_YOUNGSTER2
pyboy.pyboy                    WARNING  Skipping .sym line: 02 VIRIDIANGYM_COOLTRAINER_M1
pyboy.pyboy                    WARNING  Skipping .sym line: 02 VIRIDIANMART_YOUNGSTER
pyboy.pyboy                    WARNING  Skipping .sym line: 02 VIRIDIANNICKNAMEHOUSE_LITTLE_GIRL
pyboy.pyboy                    WARNING  Skipping .sym line: 02 VIRIDIANPOKECENTER_GENTLEMAN
pyboy.pyboy                    WARNING  Skipping .sym line: 02 VIRIDIANSCHOOLHOUSE_COOLTRAINER_F
pyboy.pyboy                    WARNING  Skipping .sym line: 02 WARDENSHOUSE_RARE_CANDY
pyboy.pyboy                    WARNING  Skipping .sym line: 03 BIKESHOP_YOUNGSTER
pyboy.pyboy                    WARNING  Skipping .sym line: 03 BILLSHOUSE_BILL2
pyboy.pyboy                    WARNING  Skipping .sym line: 03 BLUESHOUSE_TOWN_MAP
pyboy.pyboy                    WARNING  Skipping .sym line: 03 CELADONCHIEFHOUSE_SAILOR
pyboy.pyboy                    WARNING  Skipping .sym line: 03 CELADONCITY_GIRL
pyboy.pyboy                    WARNING  Skipping .sym line: 03 CELADONDINER_MIDDLE_AGED_MAN
pyboy.pyboy                    WARNING  Skipping .sym line: 03 CELADONGYM_BEAUTY1
pyboy.pyboy                    WARNING  Skipping .sym line: 03 CELADONHOTEL_SUPER_NERD
pyboy.pyboy                    WARNING  Skipping .sym line: 03 CELADONMANSION1F_CLEFAIRY
pyboy.pyboy                    WARNING  Skipping .sym line: 03 CELADONMANSION3F_WRITER
pyboy.pyboy                    WARNING  Skipping .sym line: 03 CELADONMART2F_MIDDLE_AGED_MAN
pyboy.pyboy                    WARNING  Skipping .sym line: 03 CELADONMART3F_GAMEBOY_KID2
pyboy.pyboy                    WARNING  Skipping .sym line: 03 CELADONMART4F_YOUNGSTER
pyboy.pyboy                    WARNING  Skipping .sym line: 03 CELADONMART5F_CLERK1
pyboy.pyboy                    WARNING  Skipping .sym line: 03 CELADONPOKECENTER_BEAUTY
pyboy.pyboy                    WARNING  Skipping .sym line: 03 CERULEANCAVE1F_MAX_REVIVE
pyboy.pyboy                    WARNING  Skipping .sym line: 03 CERULEANCAVE2F_MAX_REVIVE
pyboy.pyboy                    WARNING  Skipping .sym line: 03 CERULEANCAVEB1F_ULTRA_BALL2
pyboy.pyboy                    WARNING  Skipping .sym line: 03 CERULEANCITY_COOLTRAINER_M
pyboy.pyboy                    WARNING  Skipping .sym line: 03 CERULEANGYM_SWIMMER
pyboy.pyboy                    WARNING  Skipping .sym line: 03 CERULEANMART_COOLTRAINER_F
pyboy.pyboy                    WARNING  Skipping .sym line: 03 CERULEANMELANIESHOUSE_ODDISH
pyboy.pyboy                    WARNING  Skipping .sym line: 03 CERULEANPOKECENTER_GENTLEMAN
pyboy.pyboy                    WARNING  Skipping .sym line: 03 CINNABARGYM_SUPER_NERD2
pyboy.pyboy                    WARNING  Skipping .sym line: 03 CINNABARLABTRADEROOM_BEAUTY
pyboy.pyboy                    WARNING  Skipping .sym line: 03 CINNABARMART_SCIENTIST
pyboy.pyboy                    WARNING  Skipping .sym line: 03 CINNABARPOKECENTER_GENTLEMAN
pyboy.pyboy                    WARNING  Skipping .sym line: 03 COPYCATSHOUSE1F_CHANSEY
pyboy.pyboy                    WARNING  Skipping .sym line: 03 COPYCATSHOUSE2F_MONSTER
pyboy.pyboy                    WARNING  Skipping .sym line: 03 FIGHTINGDOJO_BLACKBELT2
pyboy.pyboy                    WARNING  Skipping .sym line: 03 FUCHSIABILLSGRANDPASHOUSE_YOUNGSTER
pyboy.pyboy                    WARNING  Skipping .sym line: 03 FUCHSIACITY_ERIK
pyboy.pyboy                    WARNING  Skipping .sym line: 03 FUCHSIAGYM_ROCKER2
pyboy.pyboy                    WARNING  Skipping .sym line: 03 FUCHSIAMART_COOLTRAINER_F
pyboy.pyboy                    WARNING  Skipping .sym line: 03 FUCHSIAMEETINGROOM_SAFARI_ZONE_WORKER3
pyboy.pyboy                    WARNING  Skipping .sym line: 03 FUCHSIAPOKECENTER_COOLTRAINER_F
pyboy.pyboy                    WARNING  Skipping .sym line: 03 GAMECORNER_MIDDLE_AGED_MAN1
pyboy.pyboy                    WARNING  Skipping .sym line: 03 INDIGOPLATEAULOBBY_COOLTRAINER_F
pyboy.pyboy                    WARNING  Skipping .sym line: 03 LAVENDERMART_COOLTRAINER_M
pyboy.pyboy                    WARNING  Skipping .sym line: 03 LAVENDERPOKECENTER_LITTLE_GIRL
pyboy.pyboy                    WARNING  Skipping .sym line: 03 LAVENDERTOWN_SUPER_NERD
pyboy.pyboy                    WARNING  Skipping .sym line: 03 MRFUJISHOUSE_PSYDUCK
pyboy.pyboy                    WARNING  Skipping .sym line: 03 MTMOON1F_COOLTRAINER_F1
pyboy.pyboy                    WARNING  Skipping .sym line: 03 MTMOONB2F_ROCKET1
pyboy.pyboy                    WARNING  Skipping .sym line: 03 MTMOONPOKECENTER_GENTLEMAN
pyboy.pyboy                    WARNING  Skipping .sym line: 03 MUSEUM1F_SCIENTIST2
pyboy.pyboy                    WARNING  Skipping .sym line: 03 MUSEUM2F_SCIENTIST
pyboy.pyboy                    WARNING  Skipping .sym line: 03 OAKSLAB_OAK1
pyboy.pyboy                    WARNING  Skipping .sym line: 03 PALLETTOWN_FISHER
pyboy.pyboy                    WARNING  Skipping .sym line: 03 PEWTERCITY_SUPER_NERD1
pyboy.pyboy                    WARNING  Skipping .sym line: 03 PEWTERGYM_GYM_GUIDE
pyboy.pyboy                    WARNING  Skipping .sym line: 03 PEWTERMART_SUPER_NERD
pyboy.pyboy                    WARNING  Skipping .sym line: 03 PEWTERNIDORANHOUSE_MIDDLE_AGED_MAN
pyboy.pyboy                    WARNING  Skipping .sym line: 03 PEWTERPOKECENTER_JIGGLYPUFF
pyboy.pyboy                    WARNING  Skipping .sym line: 03 POKEMONFANCLUB_CLEFAIRY
pyboy.pyboy                    WARNING  Skipping .sym line: 03 POKEMONMANSION1F_CARBOS
pyboy.pyboy                    WARNING  Skipping .sym line: 03 POKEMONMANSION2F_DIARY1
pyboy.pyboy                    WARNING  Skipping .sym line: 03 POKEMONMANSION3F_MAX_POTION
pyboy.pyboy                    WARNING  Skipping .sym line: 03 POKEMONMANSIONB1F_RARE_CANDY
pyboy.pyboy                    WARNING  Skipping .sym line: 03 POKEMONTOWER1F_BALDING_GUY
pyboy.pyboy                    WARNING  Skipping .sym line: 03 POKEMONTOWER3F_CHANNELER3
pyboy.pyboy                    WARNING  Skipping .sym line: 03 POKEMONTOWER4F_CHANNELER3
pyboy.pyboy                    WARNING  Skipping .sym line: 03 POKEMONTOWER5F_CHANNELER3
pyboy.pyboy                    WARNING  Skipping .sym line: 03 POKEMONTOWER6F_CHANNELER3
pyboy.pyboy                    WARNING  Skipping .sym line: 03 POKEMONTOWER7F_MR_FUJI
pyboy.pyboy                    WARNING  Skipping .sym line: 03 POWERPLANT_VOLTORB3
pyboy.pyboy                    WARNING  Skipping .sym line: 03 ROCKETHIDEOUTB1F_ROCKET3
pyboy.pyboy                    WARNING  Skipping .sym line: 03 ROCKETHIDEOUTB2F_NUGGET
pyboy.pyboy                    WARNING  Skipping .sym line: 03 ROCKETHIDEOUTB3F_TM_DOUBLE_EDGE
pyboy.pyboy                    WARNING  Skipping .sym line: 03 ROCKETHIDEOUTB4F_JESSIE
pyboy.pyboy                    WARNING  Skipping .sym line: 03 ROCKTUNNEL1F_HIKER3
pyboy.pyboy                    WARNING  Skipping .sym line: 03 ROCKTUNNELB1F_SUPER_NERD1
pyboy.pyboy                    WARNING  Skipping .sym line: 03 ROCKTUNNELPOKECENTER_FISHER
pyboy.pyboy                    WARNING  Skipping .sym line: 03 ROUTE10_SUPER_NERD2
pyboy.pyboy                    WARNING  Skipping .sym line: 03 ROUTE11_YOUNGSTER1
pyboy.pyboy                    WARNING  Skipping .sym line: 03 ROUTE12_FISHER2
pyboy.pyboy                    WARNING  Skipping .sym line: 03 ROUTE13_COOLTRAINER_F2
pyboy.pyboy                    WARNING  Skipping .sym line: 03 ROUTE14_COOLTRAINER_M3
pyboy.pyboy                    WARNING  Skipping .sym line: 03 ROUTE15_COOLTRAINER_M1
pyboy.pyboy                    WARNING  Skipping .sym line: 03 ROUTE16_BIKER3
pyboy.pyboy                    WARNING  Skipping .sym line: 03 ROUTE17_BIKER3
pyboy.pyboy                    WARNING  Skipping .sym line: 03 ROUTE18_COOLTRAINER_M3
pyboy.pyboy                    WARNING  Skipping .sym line: 03 ROUTE19_SWIMMER1
pyboy.pyboy                    WARNING  Skipping .sym line: 03 ROUTE20_SWIMMER3
pyboy.pyboy                    WARNING  Skipping .sym line: 03 ROUTE21_SWIMMER1
pyboy.pyboy                    WARNING  Skipping .sym line: 03 ROUTE23_SWIMMER1
pyboy.pyboy                    WARNING  Skipping .sym line: 03 ROUTE24_COOLTRAINER_M3
pyboy.pyboy                    WARNING  Skipping .sym line: 03 ROUTE25_COOLTRAINER_M
pyboy.pyboy                    WARNING  Skipping .sym line: 03 ROUTE3_YOUNGSTER2
pyboy.pyboy                    WARNING  Skipping .sym line: 03 ROUTE4_TM_WHIRLWIND
pyboy.pyboy                    WARNING  Skipping .sym line: 03 ROUTE6_YOUNGSTER1
pyboy.pyboy                    WARNING  Skipping .sym line: 03 ROUTE8_SUPER_NERD2
pyboy.pyboy                    WARNING  Skipping .sym line: 03 ROUTE9_COOLTRAINER_M2
pyboy.pyboy                    WARNING  Skipping .sym line: 03 SAFARIZONEEASTRESTHOUSE_SILPH_WORKER_M
pyboy.pyboy                    WARNING  Skipping .sym line: 03 SAFARIZONEEAST_CARBOS
pyboy.pyboy                    WARNING  Skipping .sym line: 03 SAFARIZONENORTHRESTHOUSE_GENTLEMAN
pyboy.pyboy                    WARNING  Skipping .sym line: 03 SAFARIZONEWESTRESTHOUSE_SILPH_WORKER_F
pyboy.pyboy                    WARNING  Skipping .sym line: 03 SAFARIZONEWEST_MAX_REVIVE
pyboy.pyboy                    WARNING  Skipping .sym line: 03 SAFFRONCITY_ROCKET3
pyboy.pyboy                    WARNING  Skipping .sym line: 03 SAFFRONGYM_YOUNGSTER1
pyboy.pyboy                    WARNING  Skipping .sym line: 03 SAFFRONMART_COOLTRAINER_F
pyboy.pyboy                    WARNING  Skipping .sym line: 03 SAFFRONPIDGEYHOUSE_YOUNGSTER
pyboy.pyboy                    WARNING  Skipping .sym line: 03 SAFFRONPOKECENTER_GENTLEMAN
pyboy.pyboy                    WARNING  Skipping .sym line: 03 SEAFOAMISLANDSB3F_BOULDER3
pyboy.pyboy                    WARNING  Skipping .sym line: 03 SEAFOAMISLANDSB4F_ARTICUNO
pyboy.pyboy                    WARNING  Skipping .sym line: 03 SILPHCO10F_SILPH_WORKER_F
pyboy.pyboy                    WARNING  Skipping .sym line: 03 SILPHCO11F_GIOVANNI
pyboy.pyboy                    WARNING  Skipping .sym line: 03 SILPHCO2F_SCIENTIST2
pyboy.pyboy                    WARNING  Skipping .sym line: 03 SILPHCO3F_SCIENTIST
pyboy.pyboy                    WARNING  Skipping .sym line: 03 SILPHCO4F_SCIENTIST
pyboy.pyboy                    WARNING  Skipping .sym line: 03 SILPHCO5F_SCIENTIST
pyboy.pyboy                    WARNING  Skipping .sym line: 03 SILPHCO6F_SILPH_WORKER_F1
pyboy.pyboy                    WARNING  Skipping .sym line: 03 SILPHCO7F_SILPH_WORKER_M3
pyboy.pyboy                    WARNING  Skipping .sym line: 03 SILPHCO8F_SCIENTIST
pyboy.pyboy                    WARNING  Skipping .sym line: 03 SILPHCO9F_SCIENTIST
pyboy.pyboy                    WARNING  Skipping .sym line: 03 SSANNE1FROOMS_YOUNGSTER
pyboy.pyboy                    WARNING  Skipping .sym line: 03 SSANNE2FROOMS_GENTLEMAN2
pyboy.pyboy                    WARNING  Skipping .sym line: 03 SSANNEB1FROOMS_SAILOR3
pyboy.pyboy                    WARNING  Skipping .sym line: 03 SSANNEBOW_COOLTRAINER_M
pyboy.pyboy                    WARNING  Skipping .sym line: 03 SSANNEKITCHEN_COOK3
pyboy.pyboy                    WARNING  Skipping .sym line: 03 SUMMERBEACHHOUSE_POSTER1
pyboy.pyboy                    WARNING  Skipping .sym line: 03 TEXT_GAMECORNERPRIZEROOM_PRIZE_VENDOR_1
pyboy.pyboy                    WARNING  Skipping .sym line: 03 VERMILIONCITY_SAILOR1
pyboy.pyboy                    WARNING  Skipping .sym line: 03 VERMILIONGYM_SUPER_NERD
pyboy.pyboy                    WARNING  Skipping .sym line: 03 VERMILIONMART_COOLTRAINER_F
pyboy.pyboy                    WARNING  Skipping .sym line: 03 VERMILIONPIDGEYHOUSE_LETTER
pyboy.pyboy                    WARNING  Skipping .sym line: 03 VERMILIONPOKECENTER_SAILOR
pyboy.pyboy                    WARNING  Skipping .sym line: 03 VICTORYROAD1F_TM_SKY_ATTACK
pyboy.pyboy                    WARNING  Skipping .sym line: 03 VICTORYROAD2F_COOLTRAINER_M
pyboy.pyboy                    WARNING  Skipping .sym line: 03 VICTORYROAD3F_COOLTRAINER_M2
pyboy.pyboy                    WARNING  Skipping .sym line: 03 VIRIDIANCITY_YOUNGSTER2
pyboy.pyboy                    WARNING  Skipping .sym line: 03 VIRIDIANFOREST_YOUNGSTER3
pyboy.pyboy                    WARNING  Skipping .sym line: 03 VIRIDIANGYM_HIKER1
pyboy.pyboy                    WARNING  Skipping .sym line: 03 VIRIDIANMART_COOLTRAINER_M
pyboy.pyboy                    WARNING  Skipping .sym line: 03 VIRIDIANNICKNAMEHOUSE_SPEAROW
pyboy.pyboy                    WARNING  Skipping .sym line: 03 VIRIDIANPOKECENTER_COOLTRAINER_M
pyboy.pyboy                    WARNING  Skipping .sym line: 03 VIRIDIANSCHOOLHOUSE_LITTLE_GIRL
pyboy.pyboy                    WARNING  Skipping .sym line: 03 WARDENSHOUSE_BOULDER
pyboy.pyboy                    WARNING  Skipping .sym line: 04 CELADONCITY_GRAMPS2
pyboy.pyboy                    WARNING  Skipping .sym line: 04 CELADONDINER_FISHER
pyboy.pyboy                    WARNING  Skipping .sym line: 04 CELADONGYM_COOLTRAINER_F2
pyboy.pyboy                    WARNING  Skipping .sym line: 04 CELADONMANSION1F_NIDORANF
pyboy.pyboy                    WARNING  Skipping .sym line: 04 CELADONMANSION3F_GAME_DESIGNER
pyboy.pyboy                    WARNING  Skipping .sym line: 04 CELADONMART2F_GIRL
pyboy.pyboy                    WARNING  Skipping .sym line: 04 CELADONMART3F_GAMEBOY_KID3
pyboy.pyboy                    WARNING  Skipping .sym line: 04 CELADONMART5F_CLERK2
pyboy.pyboy                    WARNING  Skipping .sym line: 04 CELADONPOKECENTER_LINK_RECEPTIONIST
pyboy.pyboy                    WARNING  Skipping .sym line: 04 CERULEANCAVE1F_ULTRA_BALL
pyboy.pyboy                    WARNING  Skipping .sym line: 04 CERULEANCAVE2F_FULL_RESTORE
pyboy.pyboy                    WARNING  Skipping .sym line: 04 CERULEANCAVEB1F_MAX_REVIVE
pyboy.pyboy                    WARNING  Skipping .sym line: 04 CERULEANCITY_SUPER_NERD1
pyboy.pyboy                    WARNING  Skipping .sym line: 04 CERULEANGYM_GYM_GUIDE
pyboy.pyboy                    WARNING  Skipping .sym line: 04 CERULEANMELANIESHOUSE_SANDSHREW
pyboy.pyboy                    WARNING  Skipping .sym line: 04 CERULEANPOKECENTER_LINK_RECEPTIONIST
pyboy.pyboy                    WARNING  Skipping .sym line: 04 CINNABARGYM_SUPER_NERD3
pyboy.pyboy                    WARNING  Skipping .sym line: 04 CINNABARPOKECENTER_LINK_RECEPTIONIST
pyboy.pyboy                    WARNING  Skipping .sym line: 04 COPYCATSHOUSE2F_BIRD
pyboy.pyboy                    WARNING  Skipping .sym line: 04 FIGHTINGDOJO_BLACKBELT3
pyboy.pyboy                    WARNING  Skipping .sym line: 04 FUCHSIACITY_YOUNGSTER2
pyboy.pyboy                    WARNING  Skipping .sym line: 04 FUCHSIAGYM_ROCKER3
pyboy.pyboy                    WARNING  Skipping .sym line: 04 FUCHSIAPOKECENTER_LINK_RECEPTIONIST
pyboy.pyboy                    WARNING  Skipping .sym line: 04 GAMECORNER_BEAUTY2
pyboy.pyboy                    WARNING  Skipping .sym line: 04 INDIGOPLATEAULOBBY_CLERK
pyboy.pyboy                    WARNING  Skipping .sym line: 04 LAVENDERPOKECENTER_LINK_RECEPTIONIST
pyboy.pyboy                    WARNING  Skipping .sym line: 04 MRFUJISHOUSE_NIDORINO
pyboy.pyboy                    WARNING  Skipping .sym line: 04 MTMOON1F_SUPER_NERD
pyboy.pyboy                    WARNING  Skipping .sym line: 04 MTMOONB2F_ROCKET2
pyboy.pyboy                    WARNING  Skipping .sym line: 04 MTMOONPOKECENTER_MAGIKARP_SALESMAN
pyboy.pyboy                    WARNING  Skipping .sym line: 04 MUSEUM1F_SCIENTIST3
pyboy.pyboy                    WARNING  Skipping .sym line: 04 MUSEUM2F_BRUNETTE_GIRL
pyboy.pyboy                    WARNING  Skipping .sym line: 04 OAKSLAB_POKEDEX1
pyboy.pyboy                    WARNING  Skipping .sym line: 04 PEWTERCITY_SUPER_NERD2
pyboy.pyboy                    WARNING  Skipping .sym line: 04 PEWTERPOKECENTER_LINK_RECEPTIONIST
pyboy.pyboy                    WARNING  Skipping .sym line: 04 POKEMONFANCLUB_SEEL
pyboy.pyboy                    WARNING  Skipping .sym line: 04 POKEMONMANSION2F_DIARY2
pyboy.pyboy                    WARNING  Skipping .sym line: 04 POKEMONMANSION3F_IRON
pyboy.pyboy                    WARNING  Skipping .sym line: 04 POKEMONMANSIONB1F_FULL_RESTORE
pyboy.pyboy                    WARNING  Skipping .sym line: 04 POKEMONTOWER1F_GIRL
pyboy.pyboy                    WARNING  Skipping .sym line: 04 POKEMONTOWER3F_ESCAPE_ROPE
pyboy.pyboy                    WARNING  Skipping .sym line: 04 POKEMONTOWER4F_ELIXER
pyboy.pyboy                    WARNING  Skipping .sym line: 04 POKEMONTOWER5F_CHANNELER4
pyboy.pyboy                    WARNING  Skipping .sym line: 04 POKEMONTOWER6F_RARE_CANDY
pyboy.pyboy                    WARNING  Skipping .sym line: 04 POWERPLANT_ELECTRODE1
pyboy.pyboy                    WARNING  Skipping .sym line: 04 ROCKETHIDEOUTB1F_ROCKET4
pyboy.pyboy                    WARNING  Skipping .sym line: 04 ROCKETHIDEOUTB2F_TM_HORN_DRILL
pyboy.pyboy                    WARNING  Skipping .sym line: 04 ROCKETHIDEOUTB3F_RARE_CANDY
pyboy.pyboy                    WARNING  Skipping .sym line: 04 ROCKETHIDEOUTB4F_ROCKET
pyboy.pyboy                    WARNING  Skipping .sym line: 04 ROCKTUNNEL1F_SUPER_NERD
pyboy.pyboy                    WARNING  Skipping .sym line: 04 ROCKTUNNELB1F_SUPER_NERD2
pyboy.pyboy                    WARNING  Skipping .sym line: 04 ROCKTUNNELPOKECENTER_LINK_RECEPTIONIST
pyboy.pyboy                    WARNING  Skipping .sym line: 04 ROUTE10_COOLTRAINER_F1
pyboy.pyboy                    WARNING  Skipping .sym line: 04 ROUTE11_SUPER_NERD1
pyboy.pyboy                    WARNING  Skipping .sym line: 04 ROUTE12_COOLTRAINER_M
pyboy.pyboy                    WARNING  Skipping .sym line: 04 ROUTE13_COOLTRAINER_F3
pyboy.pyboy                    WARNING  Skipping .sym line: 04 ROUTE14_COOLTRAINER_M4
pyboy.pyboy                    WARNING  Skipping .sym line: 04 ROUTE15_COOLTRAINER_M2
pyboy.pyboy                    WARNING  Skipping .sym line: 04 ROUTE16_BIKER4
pyboy.pyboy                    WARNING  Skipping .sym line: 04 ROUTE17_BIKER4
pyboy.pyboy                    WARNING  Skipping .sym line: 04 ROUTE19_SWIMMER2
pyboy.pyboy                    WARNING  Skipping .sym line: 04 ROUTE20_SWIMMER4
pyboy.pyboy                    WARNING  Skipping .sym line: 04 ROUTE21_SWIMMER2
pyboy.pyboy                    WARNING  Skipping .sym line: 04 ROUTE23_SWIMMER2
pyboy.pyboy                    WARNING  Skipping .sym line: 04 ROUTE24_COOLTRAINER_F1
pyboy.pyboy                    WARNING  Skipping .sym line: 04 ROUTE25_COOLTRAINER_F1
pyboy.pyboy                    WARNING  Skipping .sym line: 04 ROUTE3_COOLTRAINER_F1
pyboy.pyboy                    WARNING  Skipping .sym line: 04 ROUTE6_COOLTRAINER_M2
pyboy.pyboy                    WARNING  Skipping .sym line: 04 ROUTE8_COOLTRAINER_F1
pyboy.pyboy                    WARNING  Skipping .sym line: 04 ROUTE9_COOLTRAINER_F2
pyboy.pyboy                    WARNING  Skipping .sym line: 04 SAFARIZONEEAST_TM_EGG_BOMB
pyboy.pyboy                    WARNING  Skipping .sym line: 04 SAFARIZONEWEST_GOLD_TEETH
pyboy.pyboy                    WARNING  Skipping .sym line: 04 SAFFRONCITY_ROCKET4
pyboy.pyboy                    WARNING  Skipping .sym line: 04 SAFFRONGYM_CHANNELER2
pyboy.pyboy                    WARNING  Skipping .sym line: 04 SAFFRONPIDGEYHOUSE_PAPER
pyboy.pyboy                    WARNING  Skipping .sym line: 04 SAFFRONPOKECENTER_LINK_RECEPTIONIST
pyboy.pyboy                    WARNING  Skipping .sym line: 04 SEAFOAMISLANDSB3F_BOULDER4
pyboy.pyboy                    WARNING  Skipping .sym line: 04 SILPHCO10F_TM_EARTHQUAKE
pyboy.pyboy                    WARNING  Skipping .sym line: 04 SILPHCO11F_JAMES
pyboy.pyboy                    WARNING  Skipping .sym line: 04 SILPHCO2F_ROCKET1
pyboy.pyboy                    WARNING  Skipping .sym line: 04 SILPHCO3F_HYPER_POTION
pyboy.pyboy                    WARNING  Skipping .sym line: 04 SILPHCO4F_ROCKET2
pyboy.pyboy                    WARNING  Skipping .sym line: 04 SILPHCO5F_ROCKER
pyboy.pyboy                    WARNING  Skipping .sym line: 04 SILPHCO6F_SILPH_WORKER_F2
pyboy.pyboy                    WARNING  Skipping .sym line: 04 SILPHCO7F_SILPH_WORKER_M4
pyboy.pyboy                    WARNING  Skipping .sym line: 04 SILPHCO8F_ROCKET2
pyboy.pyboy                    WARNING  Skipping .sym line: 04 SILPHCO9F_ROCKET2
pyboy.pyboy                    WARNING  Skipping .sym line: 04 SSANNE1FROOMS_COOLTRAINER_F
pyboy.pyboy                    WARNING  Skipping .sym line: 04 SSANNE2FROOMS_COOLTRAINER_F
pyboy.pyboy                    WARNING  Skipping .sym line: 04 SSANNEB1FROOMS_SAILOR4
pyboy.pyboy                    WARNING  Skipping .sym line: 04 SSANNEBOW_SAILOR2
pyboy.pyboy                    WARNING  Skipping .sym line: 04 SSANNEKITCHEN_COOK4
pyboy.pyboy                    WARNING  Skipping .sym line: 04 SUMMERBEACHHOUSE_POSTER2
pyboy.pyboy                    WARNING  Skipping .sym line: 04 VERMILIONCITY_GAMBLER2
pyboy.pyboy                    WARNING  Skipping .sym line: 04 VERMILIONGYM_SAILOR
pyboy.pyboy                    WARNING  Skipping .sym line: 04 VERMILIONPOKECENTER_LINK_RECEPTIONIST
pyboy.pyboy                    WARNING  Skipping .sym line: 04 VICTORYROAD1F_RARE_CANDY
pyboy.pyboy                    WARNING  Skipping .sym line: 04 VICTORYROAD2F_SUPER_NERD2
pyboy.pyboy                    WARNING  Skipping .sym line: 04 VICTORYROAD3F_COOLTRAINER_F2
pyboy.pyboy                    WARNING  Skipping .sym line: 04 VIRIDIANCITY_GIRL
pyboy.pyboy                    WARNING  Skipping .sym line: 04 VIRIDIANFOREST_YOUNGSTER4
pyboy.pyboy                    WARNING  Skipping .sym line: 04 VIRIDIANGYM_ROCKER1
pyboy.pyboy                    WARNING  Skipping .sym line: 04 VIRIDIANNICKNAMEHOUSE_SPEARY_SIGN
pyboy.pyboy                    WARNING  Skipping .sym line: 04 VIRIDIANPOKECENTER_LINK_RECEPTIONIST
pyboy.pyboy                    WARNING  Skipping .sym line: 05 CELADONCITY_GRAMPS3
pyboy.pyboy                    WARNING  Skipping .sym line: 05 CELADONDINER_GYM_GUIDE
pyboy.pyboy                    WARNING  Skipping .sym line: 05 CELADONGYM_BEAUTY2
pyboy.pyboy                    WARNING  Skipping .sym line: 05 CELADONMART3F_LITTLE_BOY
pyboy.pyboy                    WARNING  Skipping .sym line: 05 CELADONPOKECENTER_CHANSEY
pyboy.pyboy                    WARNING  Skipping .sym line: 05 CERULEANCAVEB1F_MAX_ELIXER
pyboy.pyboy                    WARNING  Skipping .sym line: 05 CERULEANCITY_SUPER_NERD2
pyboy.pyboy                    WARNING  Skipping .sym line: 05 CERULEANPOKECENTER_CHANSEY
pyboy.pyboy                    WARNING  Skipping .sym line: 05 CINNABARGYM_SUPER_NERD4
pyboy.pyboy                    WARNING  Skipping .sym line: 05 CINNABARPOKECENTER_CHANSEY
pyboy.pyboy                    WARNING  Skipping .sym line: 05 COPYCATSHOUSE2F_FAIRY
pyboy.pyboy                    WARNING  Skipping .sym line: 05 FIGHTINGDOJO_BLACKBELT4
pyboy.pyboy                    WARNING  Skipping .sym line: 05 FUCHSIACITY_CHANSEY
pyboy.pyboy                    WARNING  Skipping .sym line: 05 FUCHSIAGYM_ROCKER4
pyboy.pyboy                    WARNING  Skipping .sym line: 05 FUCHSIAPOKECENTER_CHANSEY
pyboy.pyboy                    WARNING  Skipping .sym line: 05 GAMECORNER_FISHING_GURU1
pyboy.pyboy                    WARNING  Skipping .sym line: 05 INDIGOPLATEAULOBBY_LINK_RECEPTIONIST
pyboy.pyboy                    WARNING  Skipping .sym line: 05 LAVENDERPOKECENTER_CHANSEY
pyboy.pyboy                    WARNING  Skipping .sym line: 05 MRFUJISHOUSE_MR_FUJI
pyboy.pyboy                    WARNING  Skipping .sym line: 05 MTMOON1F_COOLTRAINER_F2
pyboy.pyboy                    WARNING  Skipping .sym line: 05 MTMOONB2F_ROCKET3
pyboy.pyboy                    WARNING  Skipping .sym line: 05 MTMOONPOKECENTER_CLIPBOARD
pyboy.pyboy                    WARNING  Skipping .sym line: 05 MUSEUM1F_OLD_AMBER
pyboy.pyboy                    WARNING  Skipping .sym line: 05 MUSEUM2F_HIKER
pyboy.pyboy                    WARNING  Skipping .sym line: 05 OAKSLAB_POKEDEX2
pyboy.pyboy                    WARNING  Skipping .sym line: 05 PEWTERCITY_YOUNGSTER
pyboy.pyboy                    WARNING  Skipping .sym line: 05 PEWTERPOKECENTER_COOLTRAINER_F
pyboy.pyboy                    WARNING  Skipping .sym line: 05 POKEMONFANCLUB_CHAIRMAN
pyboy.pyboy                    WARNING  Skipping .sym line: 05 POKEMONMANSION3F_DIARY
pyboy.pyboy                    WARNING  Skipping .sym line: 05 POKEMONMANSIONB1F_TM_BLIZZARD
pyboy.pyboy                    WARNING  Skipping .sym line: 05 POKEMONTOWER1F_CHANNELER
pyboy.pyboy                    WARNING  Skipping .sym line: 05 POKEMONTOWER4F_AWAKENING
pyboy.pyboy                    WARNING  Skipping .sym line: 05 POKEMONTOWER5F_CHANNELER5
pyboy.pyboy                    WARNING  Skipping .sym line: 05 POKEMONTOWER6F_X_ACCURACY
pyboy.pyboy                    WARNING  Skipping .sym line: 05 POWERPLANT_VOLTORB4
pyboy.pyboy                    WARNING  Skipping .sym line: 05 ROCKETHIDEOUTB1F_ROCKET5
pyboy.pyboy                    WARNING  Skipping .sym line: 05 ROCKETHIDEOUTB2F_SUPER_POTION
pyboy.pyboy                    WARNING  Skipping .sym line: 05 ROCKETHIDEOUTB4F_HP_UP
pyboy.pyboy                    WARNING  Skipping .sym line: 05 ROCKTUNNEL1F_COOLTRAINER_F1
pyboy.pyboy                    WARNING  Skipping .sym line: 05 ROCKTUNNELB1F_HIKER2
pyboy.pyboy                    WARNING  Skipping .sym line: 05 ROCKTUNNELPOKECENTER_CHANSEY
pyboy.pyboy                    WARNING  Skipping .sym line: 05 ROUTE10_HIKER2
pyboy.pyboy                    WARNING  Skipping .sym line: 05 ROUTE11_YOUNGSTER2
pyboy.pyboy                    WARNING  Skipping .sym line: 05 ROUTE12_SUPER_NERD
pyboy.pyboy                    WARNING  Skipping .sym line: 05 ROUTE13_COOLTRAINER_F4
pyboy.pyboy                    WARNING  Skipping .sym line: 05 ROUTE14_COOLTRAINER_M5
pyboy.pyboy                    WARNING  Skipping .sym line: 05 ROUTE15_BEAUTY1
pyboy.pyboy                    WARNING  Skipping .sym line: 05 ROUTE16_BIKER5
pyboy.pyboy                    WARNING  Skipping .sym line: 05 ROUTE17_BIKER5
pyboy.pyboy                    WARNING  Skipping .sym line: 05 ROUTE19_SWIMMER3
pyboy.pyboy                    WARNING  Skipping .sym line: 05 ROUTE20_SWIMMER5
pyboy.pyboy                    WARNING  Skipping .sym line: 05 ROUTE21_SWIMMER3
pyboy.pyboy                    WARNING  Skipping .sym line: 05 ROUTE23_GUARD3
pyboy.pyboy                    WARNING  Skipping .sym line: 05 ROUTE24_YOUNGSTER1
pyboy.pyboy                    WARNING  Skipping .sym line: 05 ROUTE25_YOUNGSTER3
pyboy.pyboy                    WARNING  Skipping .sym line: 05 ROUTE3_YOUNGSTER3
pyboy.pyboy                    WARNING  Skipping .sym line: 05 ROUTE6_COOLTRAINER_F2
pyboy.pyboy                    WARNING  Skipping .sym line: 05 ROUTE8_SUPER_NERD3
pyboy.pyboy                    WARNING  Skipping .sym line: 05 ROUTE9_HIKER1
pyboy.pyboy                    WARNING  Skipping .sym line: 05 SAFFRONCITY_ROCKET5
pyboy.pyboy                    WARNING  Skipping .sym line: 05 SAFFRONGYM_YOUNGSTER2
pyboy.pyboy                    WARNING  Skipping .sym line: 05 SAFFRONPOKECENTER_CHANSEY
pyboy.pyboy                    WARNING  Skipping .sym line: 05 SCRIPT_SAFARIZONEGATE_LEAVING_SAFARI
pyboy.pyboy                    WARNING  Skipping .sym line: 05 SEAFOAMISLANDSB3F_BOULDER5
pyboy.pyboy                    WARNING  Skipping .sym line: 05 SILPHCO10F_RARE_CANDY
pyboy.pyboy                    WARNING  Skipping .sym line: 05 SILPHCO11F_ROCKET
pyboy.pyboy                    WARNING  Skipping .sym line: 05 SILPHCO2F_ROCKET2
pyboy.pyboy                    WARNING  Skipping .sym line: 05 SILPHCO4F_FULL_HEAL
pyboy.pyboy                    WARNING  Skipping .sym line: 05 SILPHCO5F_ROCKET2
pyboy.pyboy                    WARNING  Skipping .sym line: 05 SILPHCO6F_SILPH_WORKER_M3
pyboy.pyboy                    WARNING  Skipping .sym line: 05 SILPHCO7F_ROCKET1
pyboy.pyboy                    WARNING  Skipping .sym line: 05 SSANNE1FROOMS_GIRL1
pyboy.pyboy                    WARNING  Skipping .sym line: 05 SSANNE2FROOMS_GENTLEMAN3
pyboy.pyboy                    WARNING  Skipping .sym line: 05 SSANNEB1FROOMS_SAILOR5
pyboy.pyboy                    WARNING  Skipping .sym line: 05 SSANNEBOW_SAILOR3
pyboy.pyboy                    WARNING  Skipping .sym line: 05 SSANNEKITCHEN_COOK5
pyboy.pyboy                    WARNING  Skipping .sym line: 05 SUMMERBEACHHOUSE_POSTER3
pyboy.pyboy                    WARNING  Skipping .sym line: 05 VERMILIONCITY_MACHOP
pyboy.pyboy                    WARNING  Skipping .sym line: 05 VERMILIONGYM_GYM_GUIDE
pyboy.pyboy                    WARNING  Skipping .sym line: 05 VERMILIONPOKECENTER_CHANSEY
pyboy.pyboy                    WARNING  Skipping .sym line: 05 VICTORYROAD1F_BOULDER1
pyboy.pyboy                    WARNING  Skipping .sym line: 05 VICTORYROAD2F_SUPER_NERD3
pyboy.pyboy                    WARNING  Skipping .sym line: 05 VICTORYROAD3F_MAX_REVIVE
pyboy.pyboy                    WARNING  Skipping .sym line: 05 VIRIDIANCITY_OLD_MAN_SLEEPY
pyboy.pyboy                    WARNING  Skipping .sym line: 05 VIRIDIANFOREST_COOLTRAINER_F
pyboy.pyboy                    WARNING  Skipping .sym line: 05 VIRIDIANGYM_HIKER2
pyboy.pyboy                    WARNING  Skipping .sym line: 05 VIRIDIANPOKECENTER_CHANSEY
pyboy.pyboy                    WARNING  Skipping .sym line: 06 CELADONCITY_FISHER
pyboy.pyboy                    WARNING  Skipping .sym line: 06 CELADONGYM_COOLTRAINER_F3
pyboy.pyboy                    WARNING  Skipping .sym line: 06 CERULEANCITY_GUARD1
pyboy.pyboy                    WARNING  Skipping .sym line: 06 CINNABARGYM_SUPER_NERD5
pyboy.pyboy                    WARNING  Skipping .sym line: 06 FIGHTINGDOJO_HITMONLEE_POKE_BALL
pyboy.pyboy                    WARNING  Skipping .sym line: 06 FUCHSIACITY_VOLTORB
pyboy.pyboy                    WARNING  Skipping .sym line: 06 FUCHSIAGYM_ROCKER5
pyboy.pyboy                    WARNING  Skipping .sym line: 06 GAMECORNER_MIDDLE_AGED_WOMAN
pyboy.pyboy                    WARNING  Skipping .sym line: 06 INDIGOPLATEAULOBBY_CHANSEY
pyboy.pyboy                    WARNING  Skipping .sym line: 06 MRFUJISHOUSE_POKEDEX
pyboy.pyboy                    WARNING  Skipping .sym line: 06 MTMOON1F_YOUNGSTER2
pyboy.pyboy                    WARNING  Skipping .sym line: 06 MTMOONB2F_JAMES
pyboy.pyboy                    WARNING  Skipping .sym line: 06 MTMOONPOKECENTER_LINK_RECEPTIONIST
pyboy.pyboy                    WARNING  Skipping .sym line: 06 OAKSLAB_OAK2
pyboy.pyboy                    WARNING  Skipping .sym line: 06 PEWTERPOKECENTER_CHANSEY
pyboy.pyboy                    WARNING  Skipping .sym line: 06 POKEMONFANCLUB_RECEPTIONIST
pyboy.pyboy                    WARNING  Skipping .sym line: 06 POKEMONMANSIONB1F_TM_SOLARBEAM
pyboy.pyboy                    WARNING  Skipping .sym line: 06 POKEMONTOWER4F_HP_UP
pyboy.pyboy                    WARNING  Skipping .sym line: 06 POKEMONTOWER5F_NUGGET
pyboy.pyboy                    WARNING  Skipping .sym line: 06 POWERPLANT_VOLTORB5
pyboy.pyboy                    WARNING  Skipping .sym line: 06 ROCKETHIDEOUTB1F_ESCAPE_ROPE
pyboy.pyboy                    WARNING  Skipping .sym line: 06 ROCKETHIDEOUTB4F_TM_RAZOR_WIND
pyboy.pyboy                    WARNING  Skipping .sym line: 06 ROCKTUNNEL1F_COOLTRAINER_F2
pyboy.pyboy                    WARNING  Skipping .sym line: 06 ROCKTUNNELB1F_COOLTRAINER_F2
pyboy.pyboy                    WARNING  Skipping .sym line: 06 ROUTE10_COOLTRAINER_F2
pyboy.pyboy                    WARNING  Skipping .sym line: 06 ROUTE11_GAMBLER3
pyboy.pyboy                    WARNING  Skipping .sym line: 06 ROUTE12_FISHER3
pyboy.pyboy                    WARNING  Skipping .sym line: 06 ROUTE13_COOLTRAINER_M2
pyboy.pyboy                    WARNING  Skipping .sym line: 06 ROUTE14_COOLTRAINER_M6
pyboy.pyboy                    WARNING  Skipping .sym line: 06 ROUTE15_BEAUTY2
pyboy.pyboy                    WARNING  Skipping .sym line: 06 ROUTE16_BIKER6
pyboy.pyboy                    WARNING  Skipping .sym line: 06 ROUTE17_BIKER6
pyboy.pyboy                    WARNING  Skipping .sym line: 06 ROUTE19_SWIMMER4
pyboy.pyboy                    WARNING  Skipping .sym line: 06 ROUTE20_SWIMMER6
pyboy.pyboy                    WARNING  Skipping .sym line: 06 ROUTE21_SWIMMER4
pyboy.pyboy                    WARNING  Skipping .sym line: 06 ROUTE23_GUARD4
pyboy.pyboy                    WARNING  Skipping .sym line: 06 ROUTE24_COOLTRAINER_F2
pyboy.pyboy                    WARNING  Skipping .sym line: 06 ROUTE25_COOLTRAINER_F2
pyboy.pyboy                    WARNING  Skipping .sym line: 06 ROUTE3_COOLTRAINER_F2
pyboy.pyboy                    WARNING  Skipping .sym line: 06 ROUTE6_YOUNGSTER2
pyboy.pyboy                    WARNING  Skipping .sym line: 06 ROUTE8_COOLTRAINER_F2
pyboy.pyboy                    WARNING  Skipping .sym line: 06 ROUTE9_HIKER2
pyboy.pyboy                    WARNING  Skipping .sym line: 06 SAFFRONCITY_ROCKET6
pyboy.pyboy                    WARNING  Skipping .sym line: 06 SAFFRONGYM_CHANNELER3
pyboy.pyboy                    WARNING  Skipping .sym line: 06 SEAFOAMISLANDSB3F_BOULDER6
pyboy.pyboy                    WARNING  Skipping .sym line: 06 SILPHCO10F_CARBOS
pyboy.pyboy                    WARNING  Skipping .sym line: 06 SILPHCO11F_JESSIE
pyboy.pyboy                    WARNING  Skipping .sym line: 06 SILPHCO4F_MAX_REVIVE
pyboy.pyboy                    WARNING  Skipping .sym line: 06 SILPHCO5F_TM_TAKE_DOWN
pyboy.pyboy                    WARNING  Skipping .sym line: 06 SILPHCO6F_ROCKET1
pyboy.pyboy                    WARNING  Skipping .sym line: 06 SILPHCO7F_SCIENTIST
pyboy.pyboy                    WARNING  Skipping .sym line: 06 SSANNE1FROOMS_MIDDLE_AGED_MAN
pyboy.pyboy                    WARNING  Skipping .sym line: 06 SSANNE2FROOMS_MAX_ETHER
pyboy.pyboy                    WARNING  Skipping .sym line: 06 SSANNEB1FROOMS_FISHER
pyboy.pyboy                    WARNING  Skipping .sym line: 06 SSANNEKITCHEN_COOK6
pyboy.pyboy                    WARNING  Skipping .sym line: 06 SUMMERBEACHHOUSE_PRINTER
pyboy.pyboy                    WARNING  Skipping .sym line: 06 VERMILIONCITY_SAILOR2
pyboy.pyboy                    WARNING  Skipping .sym line: 06 VICTORYROAD1F_BOULDER2
pyboy.pyboy                    WARNING  Skipping .sym line: 06 VICTORYROAD2F_MOLTRES
pyboy.pyboy                    WARNING  Skipping .sym line: 06 VICTORYROAD3F_TM_EXPLOSION
pyboy.pyboy                    WARNING  Skipping .sym line: 06 VIRIDIANCITY_FISHER
pyboy.pyboy                    WARNING  Skipping .sym line: 06 VIRIDIANFOREST_YOUNGSTER5
pyboy.pyboy                    WARNING  Skipping .sym line: 06 VIRIDIANGYM_COOLTRAINER_M2
pyboy.pyboy                    WARNING  Skipping .sym line: 07 CELADONCITY_POLIWRATH
pyboy.pyboy                    WARNING  Skipping .sym line: 07 CELADONGYM_BEAUTY3
pyboy.pyboy                    WARNING  Skipping .sym line: 07 CERULEANCITY_COOLTRAINER_F1
pyboy.pyboy                    WARNING  Skipping .sym line: 07 CINNABARGYM_SUPER_NERD6
pyboy.pyboy                    WARNING  Skipping .sym line: 07 FIGHTINGDOJO_HITMONCHAN_POKE_BALL
pyboy.pyboy                    WARNING  Skipping .sym line: 07 FUCHSIACITY_KANGASKHAN
pyboy.pyboy                    WARNING  Skipping .sym line: 07 FUCHSIAGYM_ROCKER6
pyboy.pyboy                    WARNING  Skipping .sym line: 07 GAMECORNER_GYM_GUIDE
pyboy.pyboy                    WARNING  Skipping .sym line: 07 MTMOON1F_YOUNGSTER3
pyboy.pyboy                    WARNING  Skipping .sym line: 07 MTMOONB2F_DOME_FOSSIL
pyboy.pyboy                    WARNING  Skipping .sym line: 07 MTMOONPOKECENTER_CHANSEY
pyboy.pyboy                    WARNING  Skipping .sym line: 07 OAKSLAB_GIRL
pyboy.pyboy                    WARNING  Skipping .sym line: 07 POKEMONMANSIONB1F_DIARY
pyboy.pyboy                    WARNING  Skipping .sym line: 07 POWERPLANT_ELECTRODE2
pyboy.pyboy                    WARNING  Skipping .sym line: 07 ROCKETHIDEOUTB1F_HYPER_POTION
pyboy.pyboy                    WARNING  Skipping .sym line: 07 ROCKETHIDEOUTB4F_IRON
pyboy.pyboy                    WARNING  Skipping .sym line: 07 ROCKTUNNEL1F_COOLTRAINER_F3
pyboy.pyboy                    WARNING  Skipping .sym line: 07 ROCKTUNNELB1F_HIKER3
pyboy.pyboy                    WARNING  Skipping .sym line: 07 ROUTE11_GAMBLER4
pyboy.pyboy                    WARNING  Skipping .sym line: 07 ROUTE12_FISHER4
pyboy.pyboy                    WARNING  Skipping .sym line: 07 ROUTE13_BEAUTY1
pyboy.pyboy                    WARNING  Skipping .sym line: 07 ROUTE14_BIKER1
pyboy.pyboy                    WARNING  Skipping .sym line: 07 ROUTE15_BIKER1
pyboy.pyboy                    WARNING  Skipping .sym line: 07 ROUTE16_SNORLAX
pyboy.pyboy                    WARNING  Skipping .sym line: 07 ROUTE17_BIKER7
pyboy.pyboy                    WARNING  Skipping .sym line: 07 ROUTE19_SWIMMER5
pyboy.pyboy                    WARNING  Skipping .sym line: 07 ROUTE20_COOLTRAINER_M
pyboy.pyboy                    WARNING  Skipping .sym line: 07 ROUTE21_SWIMMER5
pyboy.pyboy                    WARNING  Skipping .sym line: 07 ROUTE23_GUARD5
pyboy.pyboy                    WARNING  Skipping .sym line: 07 ROUTE24_YOUNGSTER2
pyboy.pyboy                    WARNING  Skipping .sym line: 07 ROUTE25_HIKER1
pyboy.pyboy                    WARNING  Skipping .sym line: 07 ROUTE3_YOUNGSTER4
pyboy.pyboy                    WARNING  Skipping .sym line: 07 ROUTE8_COOLTRAINER_F3
pyboy.pyboy                    WARNING  Skipping .sym line: 07 ROUTE9_YOUNGSTER1
pyboy.pyboy                    WARNING  Skipping .sym line: 07 SAFFRONCITY_ROCKET7
pyboy.pyboy                    WARNING  Skipping .sym line: 07 SAFFRONGYM_YOUNGSTER3
pyboy.pyboy                    WARNING  Skipping .sym line: 07 SILPHCO4F_ESCAPE_ROPE
pyboy.pyboy                    WARNING  Skipping .sym line: 07 SILPHCO5F_PROTEIN
pyboy.pyboy                    WARNING  Skipping .sym line: 07 SILPHCO6F_SCIENTIST
pyboy.pyboy                    WARNING  Skipping .sym line: 07 SILPHCO7F_ROCKET2
pyboy.pyboy                    WARNING  Skipping .sym line: 07 SSANNE1FROOMS_LITTLE_GIRL
pyboy.pyboy                    WARNING  Skipping .sym line: 07 SSANNE2FROOMS_GENTLEMAN4
pyboy.pyboy                    WARNING  Skipping .sym line: 07 SSANNEB1FROOMS_SUPER_NERD
pyboy.pyboy                    WARNING  Skipping .sym line: 07 SSANNEKITCHEN_COOK7
pyboy.pyboy                    WARNING  Skipping .sym line: 07 VERMILIONCITY_OFFICER_JENNY
pyboy.pyboy                    WARNING  Skipping .sym line: 07 VICTORYROAD1F_BOULDER3
pyboy.pyboy                    WARNING  Skipping .sym line: 07 VICTORYROAD2F_TM_SUBMISSION
pyboy.pyboy                    WARNING  Skipping .sym line: 07 VICTORYROAD3F_BOULDER1
pyboy.pyboy                    WARNING  Skipping .sym line: 07 VIRIDIANCITY_OLD_MAN
pyboy.pyboy                    WARNING  Skipping .sym line: 07 VIRIDIANFOREST_POTION1
pyboy.pyboy                    WARNING  Skipping .sym line: 07 VIRIDIANGYM_HIKER3
pyboy.pyboy                    WARNING  Skipping .sym line: 08 CELADONCITY_ROCKET1
pyboy.pyboy                    WARNING  Skipping .sym line: 08 CELADONGYM_COOLTRAINER_F4
pyboy.pyboy                    WARNING  Skipping .sym line: 08 CERULEANCITY_ELECTRODE
pyboy.pyboy                    WARNING  Skipping .sym line: 08 CINNABARGYM_SUPER_NERD7
pyboy.pyboy                    WARNING  Skipping .sym line: 08 FUCHSIACITY_SLOWPOKE
pyboy.pyboy                    WARNING  Skipping .sym line: 08 FUCHSIAGYM_GYM_GUIDE
pyboy.pyboy                    WARNING  Skipping .sym line: 08 GAMECORNER_GAMBLER
pyboy.pyboy                    WARNING  Skipping .sym line: 08 MTMOON1F_POTION1
pyboy.pyboy                    WARNING  Skipping .sym line: 08 MTMOONB2F_HELIX_FOSSIL
pyboy.pyboy                    WARNING  Skipping .sym line: 08 OAKSLAB_SCIENTIST1
pyboy.pyboy                    WARNING  Skipping .sym line: 08 POKEMONMANSIONB1F_SECRET_KEY
pyboy.pyboy                    WARNING  Skipping .sym line: 08 POWERPLANT_VOLTORB6
pyboy.pyboy                    WARNING  Skipping .sym line: 08 ROCKETHIDEOUTB4F_SILPH_SCOPE
pyboy.pyboy                    WARNING  Skipping .sym line: 08 ROCKTUNNELB1F_SUPER_NERD3
pyboy.pyboy                    WARNING  Skipping .sym line: 08 ROUTE11_YOUNGSTER3
pyboy.pyboy                    WARNING  Skipping .sym line: 08 ROUTE12_FISHER5
pyboy.pyboy                    WARNING  Skipping .sym line: 08 ROUTE13_BEAUTY2
pyboy.pyboy                    WARNING  Skipping .sym line: 08 ROUTE14_BIKER2
pyboy.pyboy                    WARNING  Skipping .sym line: 08 ROUTE15_BIKER2
pyboy.pyboy                    WARNING  Skipping .sym line: 08 ROUTE17_BIKER8
pyboy.pyboy                    WARNING  Skipping .sym line: 08 ROUTE19_SWIMMER6
pyboy.pyboy                    WARNING  Skipping .sym line: 08 ROUTE20_SWIMMER7
pyboy.pyboy                    WARNING  Skipping .sym line: 08 ROUTE21_FISHER3
pyboy.pyboy                    WARNING  Skipping .sym line: 08 ROUTE24_TM_THUNDER_WAVE
pyboy.pyboy                    WARNING  Skipping .sym line: 08 ROUTE25_HIKER2
pyboy.pyboy                    WARNING  Skipping .sym line: 08 ROUTE3_YOUNGSTER5
pyboy.pyboy                    WARNING  Skipping .sym line: 08 ROUTE8_GAMBLER2
pyboy.pyboy                    WARNING  Skipping .sym line: 08 ROUTE9_HIKER3
pyboy.pyboy                    WARNING  Skipping .sym line: 08 SAFFRONCITY_SCIENTIST
pyboy.pyboy                    WARNING  Skipping .sym line: 08 SAFFRONGYM_YOUNGSTER4
pyboy.pyboy                    WARNING  Skipping .sym line: 08 SILPHCO5F_CARD_KEY
pyboy.pyboy                    WARNING  Skipping .sym line: 08 SILPHCO6F_ROCKET2
pyboy.pyboy                    WARNING  Skipping .sym line: 08 SILPHCO7F_ROCKET3
pyboy.pyboy                    WARNING  Skipping .sym line: 08 SSANNE1FROOMS_WIGGLYTUFF
pyboy.pyboy                    WARNING  Skipping .sym line: 08 SSANNE2FROOMS_GRAMPS
pyboy.pyboy                    WARNING  Skipping .sym line: 08 SSANNEB1FROOMS_MACHOKE
pyboy.pyboy                    WARNING  Skipping .sym line: 08 VICTORYROAD2F_FULL_HEAL
pyboy.pyboy                    WARNING  Skipping .sym line: 08 VICTORYROAD3F_BOULDER2
pyboy.pyboy                    WARNING  Skipping .sym line: 08 VIRIDIANCITY_OLD_MAN2
pyboy.pyboy                    WARNING  Skipping .sym line: 08 VIRIDIANFOREST_POTION2
pyboy.pyboy                    WARNING  Skipping .sym line: 08 VIRIDIANGYM_ROCKER2
pyboy.pyboy                    WARNING  Skipping .sym line: 09 CELADONCITY_ROCKET2
pyboy.pyboy                    WARNING  Skipping .sym line: 09 CERULEANCITY_COOLTRAINER_F2
pyboy.pyboy                    WARNING  Skipping .sym line: 09 CINNABARGYM_GYM_GUIDE
pyboy.pyboy                    WARNING  Skipping .sym line: 09 FUCHSIACITY_LAPRAS
pyboy.pyboy                    WARNING  Skipping .sym line: 09 GAMECORNER_MIDDLE_AGED_MAN2
pyboy.pyboy                    WARNING  Skipping .sym line: 09 MTMOON1F_MOON_STONE
pyboy.pyboy                    WARNING  Skipping .sym line: 09 MTMOONB2F_HP_UP
pyboy.pyboy                    WARNING  Skipping .sym line: 09 OAKSLAB_SCIENTIST2
pyboy.pyboy                    WARNING  Skipping .sym line: 09 POWERPLANT_ZAPDOS
pyboy.pyboy                    WARNING  Skipping .sym line: 09 ROCKETHIDEOUTB4F_LIFT_KEY
pyboy.pyboy                    WARNING  Skipping .sym line: 09 ROUTE11_SUPER_NERD2
pyboy.pyboy                    WARNING  Skipping .sym line: 09 ROUTE12_TM_PAY_DAY
pyboy.pyboy                    WARNING  Skipping .sym line: 09 ROUTE13_BIKER
pyboy.pyboy                    WARNING  Skipping .sym line: 09 ROUTE14_BIKER3
pyboy.pyboy                    WARNING  Skipping .sym line: 09 ROUTE15_COOLTRAINER_F3
pyboy.pyboy                    WARNING  Skipping .sym line: 09 ROUTE17_BIKER9
pyboy.pyboy                    WARNING  Skipping .sym line: 09 ROUTE19_SWIMMER7
pyboy.pyboy                    WARNING  Skipping .sym line: 09 ROUTE20_SWIMMER8
pyboy.pyboy                    WARNING  Skipping .sym line: 09 ROUTE21_FISHER4
pyboy.pyboy                    WARNING  Skipping .sym line: 09 ROUTE24_COOLTRAINER_M4
pyboy.pyboy                    WARNING  Skipping .sym line: 09 ROUTE25_HIKER3
pyboy.pyboy                    WARNING  Skipping .sym line: 09 ROUTE3_COOLTRAINER_F3
pyboy.pyboy                    WARNING  Skipping .sym line: 09 ROUTE8_COOLTRAINER_F4
pyboy.pyboy                    WARNING  Skipping .sym line: 09 ROUTE9_YOUNGSTER2
pyboy.pyboy                    WARNING  Skipping .sym line: 09 SAFFRONCITY_SILPH_WORKER_M
pyboy.pyboy                    WARNING  Skipping .sym line: 09 SAFFRONGYM_GYM_GUIDE
pyboy.pyboy                    WARNING  Skipping .sym line: 09 SILPHCO5F_POKEMON_REPORT1
pyboy.pyboy                    WARNING  Skipping .sym line: 09 SILPHCO6F_HP_UP
pyboy.pyboy                    WARNING  Skipping .sym line: 09 SILPHCO7F_RIVAL
pyboy.pyboy                    WARNING  Skipping .sym line: 09 SSANNE1FROOMS_GIRL2
pyboy.pyboy                    WARNING  Skipping .sym line: 09 SSANNE2FROOMS_RARE_CANDY
pyboy.pyboy                    WARNING  Skipping .sym line: 09 SSANNEB1FROOMS_ETHER
pyboy.pyboy                    WARNING  Skipping .sym line: 09 VICTORYROAD2F_TM_MEGA_KICK
pyboy.pyboy                    WARNING  Skipping .sym line: 09 VICTORYROAD3F_BOULDER3
pyboy.pyboy                    WARNING  Skipping .sym line: 09 VIRIDIANFOREST_POKE_BALL
pyboy.pyboy                    WARNING  Skipping .sym line: 09 VIRIDIANGYM_COOLTRAINER_M3
pyboy.pyboy                    WARNING  Skipping .sym line: 0a CERULEANCITY_SUPER_NERD3
pyboy.pyboy                    WARNING  Skipping .sym line: 0a FUCHSIACITY_FOSSIL
pyboy.pyboy                    WARNING  Skipping .sym line: 0a GAMECORNER_FISHING_GURU2
pyboy.pyboy                    WARNING  Skipping .sym line: 0a MTMOON1F_RARE_CANDY
pyboy.pyboy                    WARNING  Skipping .sym line: 0a MTMOONB2F_TM_MEGA_PUNCH
pyboy.pyboy                    WARNING  Skipping .sym line: 0a POWERPLANT_CARBOS
pyboy.pyboy                    WARNING  Skipping .sym line: 0a ROUTE11_YOUNGSTER4
pyboy.pyboy                    WARNING  Skipping .sym line: 0a ROUTE12_IRON
pyboy.pyboy                    WARNING  Skipping .sym line: 0a ROUTE13_COOLTRAINER_M3
pyboy.pyboy                    WARNING  Skipping .sym line: 0a ROUTE14_BIKER4
pyboy.pyboy                    WARNING  Skipping .sym line: 0a ROUTE15_COOLTRAINER_F4
pyboy.pyboy                    WARNING  Skipping .sym line: 0a ROUTE17_BIKER10
pyboy.pyboy                    WARNING  Skipping .sym line: 0a ROUTE19_SWIMMER8
pyboy.pyboy                    WARNING  Skipping .sym line: 0a ROUTE20_SWIMMER9
pyboy.pyboy                    WARNING  Skipping .sym line: 0a ROUTE25_TM_SEISMIC_TOSS
pyboy.pyboy                    WARNING  Skipping .sym line: 0a ROUTE9_TM_TELEPORT
pyboy.pyboy                    WARNING  Skipping .sym line: 0a SAFFRONCITY_SILPH_WORKER_F
pyboy.pyboy                    WARNING  Skipping .sym line: 0a SILPHCO5F_POKEMON_REPORT2
pyboy.pyboy                    WARNING  Skipping .sym line: 0a SILPHCO6F_X_ACCURACY
pyboy.pyboy                    WARNING  Skipping .sym line: 0a SILPHCO7F_CALCIUM
pyboy.pyboy                    WARNING  Skipping .sym line: 0a SSANNE1FROOMS_TM_BODY_SLAM
pyboy.pyboy                    WARNING  Skipping .sym line: 0a SSANNE2FROOMS_GENTLEMAN5
pyboy.pyboy                    WARNING  Skipping .sym line: 0a SSANNEB1FROOMS_TM_REST
pyboy.pyboy                    WARNING  Skipping .sym line: 0a VICTORYROAD2F_GUARD_SPEC
pyboy.pyboy                    WARNING  Skipping .sym line: 0a VICTORYROAD3F_BOULDER4
pyboy.pyboy                    WARNING  Skipping .sym line: 0a VIRIDIANFOREST_YOUNGSTER6
pyboy.pyboy                    WARNING  Skipping .sym line: 0a VIRIDIANGYM_GYM_GUIDE
pyboy.pyboy                    WARNING  Skipping .sym line: 0b CERULEANCITY_GUARD2
pyboy.pyboy                    WARNING  Skipping .sym line: 0b GAMECORNER_ROCKET
pyboy.pyboy                    WARNING  Skipping .sym line: 0b MTMOON1F_ESCAPE_ROPE
pyboy.pyboy                    WARNING  Skipping .sym line: 0b POWERPLANT_HP_UP
pyboy.pyboy                    WARNING  Skipping .sym line: 0b ROUTE15_TM_RAGE
pyboy.pyboy                    WARNING  Skipping .sym line: 0b SAFFRONCITY_GENTLEMAN
pyboy.pyboy                    WARNING  Skipping .sym line: 0b SILPHCO5F_POKEMON_REPORT3
pyboy.pyboy                    WARNING  Skipping .sym line: 0b SILPHCO7F_TM_SWORDS_DANCE
pyboy.pyboy                    WARNING  Skipping .sym line: 0b SSANNE1FROOMS_GENTLEMAN3
pyboy.pyboy                    WARNING  Skipping .sym line: 0b SSANNE2FROOMS_LITTLE_BOY
pyboy.pyboy                    WARNING  Skipping .sym line: 0b SSANNEB1FROOMS_MAX_POTION
pyboy.pyboy                    WARNING  Skipping .sym line: 0b VICTORYROAD2F_BOULDER1
pyboy.pyboy                    WARNING  Skipping .sym line: 0b VIRIDIANGYM_REVIVE
pyboy.pyboy                    WARNING  Skipping .sym line: 0c MTMOON1F_POTION2
pyboy.pyboy                    WARNING  Skipping .sym line: 0c POWERPLANT_RARE_CANDY
pyboy.pyboy                    WARNING  Skipping .sym line: 0c SAFFRONCITY_PIDGEOT
pyboy.pyboy                    WARNING  Skipping .sym line: 0c SILPHCO7F_UNUSED
pyboy.pyboy                    WARNING  Skipping .sym line: 0c SSANNE2FROOMS_BRUNETTE_GIRL
pyboy.pyboy                    WARNING  Skipping .sym line: 0c VICTORYROAD2F_BOULDER2
pyboy.pyboy                    WARNING  Skipping .sym line: 0d MTMOON1F_TM_WATER_GUN
pyboy.pyboy                    WARNING  Skipping .sym line: 0d POWERPLANT_TM_THUNDER
pyboy.pyboy                    WARNING  Skipping .sym line: 0d SAFFRONCITY_ROCKER
pyboy.pyboy                    WARNING  Skipping .sym line: 0d SSANNE2FROOMS_BEAUTY
pyboy.pyboy                    WARNING  Skipping .sym line: 0d VICTORYROAD2F_BOULDER3
pyboy.pyboy                    WARNING  Skipping .sym line: 0e POWERPLANT_TM_REFLECT
pyboy.pyboy                    WARNING  Skipping .sym line: 0e SAFFRONCITY_ROCKET8
pyboy.pyboy                    WARNING  Skipping .sym line: 0f SAFFRONCITY_ROCKET9
pyboy.api.screen               WARNING  Cannot generate screen image. Missing dependency "Pillow".
pyboy.plugins.screen_recorder  WARNING  pyboy.plugins.screen_recorder: Missing dependency "Pillow". Recording disabled
pyboy.plugins.screenshot_recorder WARNING  pyboy.plugins.screenshot_recorder: Missing dependency "Pillow". Screenshots disabled
=========================== short test summary info ============================
PASSED tests/test_state_bag.py::test_empty_bag
PASSED tests/test_state_bag.py::test_single_stack
PASSED tests/test_state_bag.py::test_multiple_stacks_preserves_order
PASSED tests/test_state_bag.py::test_duplicate_item_across_stacks_sums_quantity
PASSED tests/test_state_bag.py::test_count_clamped_to_maximum
PASSED tests/test_state_bag.py::test_bag_reads_loaded_symbol_addresses_not_canonical_defaults
PASSED tests/test_state_bag.py::test_zero_count_is_known_empty_without_item_base_symbol
PASSED tests/test_state_bag.py::test_missing_count_symbol_is_an_explicit_unknown_not_empty
PASSED tests/test_state_bag.py::test_nonempty_bag_missing_item_base_symbol_does_not_guess_address
PASSED tests/test_state_party.py::test_empty_party
PASSED tests/test_state_party.py::test_single_pokemon_at_full_hp
PASSED tests/test_state_party.py::test_multiple_slots_parsed_independently
PASSED tests/test_state_party.py::test_all_fainted_detection
PASSED tests/test_state_party.py::test_status_decoded_per_slot
PASSED tests/test_state_party.py::test_hp_is_big_endian_inside_struct
PASSED tests/test_state_party.py::test_party_count_clamped_to_max_slots
PASSED tests/test_state_party.py::test_party_reads_relocated_symbol_addresses_not_canonical_guesses
PASSED tests/test_state_party.py::test_party_sentinel_bytes_are_exposed_without_guessing
PASSED tests/test_state_party.py::test_party_parser_requires_core_symbols
PASSED tests/test_state_party.py::test_nonempty_party_requires_party_mons_symbol
PASSED tests/test_battle_healing_items_rom.py::test_turn_evidence_is_required_rather_than_supplied
PASSED tests/test_battle_healing_items_rom.py::test_release_evidence_names_the_pinned_assets_and_producer
PASSED tests/test_battle_healing_items_rom.py::test_fixture_bytes_match_the_release_evidence
PASSED tests/test_battle_healing_items_rom.py::test_producer_refuses_existing_output_and_unpinned_assets
PASSED tests/test_battle_healing_items_rom.py::test_potion_heals_the_active_mon_from_the_battle_item_menu
25 passed, 1 warning in 1.24s
